Archive member included to satisfy reference by file (symbol)

F:/Program/Unpack/STM32CubeIDE_1.15.0/STM32CubeIDE/plugins/com.st.stm32cube.ide.mcu.externaltools.gnu-tools-for-stm32.12.3.rel1.win32_1.0.100.202403111256/tools/bin/../lib/gcc/arm-none-eabi/12.3.1/../../../../arm-none-eabi/lib/thumb/v7-m/nofp\libc_nano.a(libc_a-exit.o)
                              F:/Program/Unpack/STM32CubeIDE_1.15.0/STM32CubeIDE/plugins/com.st.stm32cube.ide.mcu.externaltools.gnu-tools-for-stm32.12.3.rel1.win32_1.0.100.202403111256/tools/bin/../lib/gcc/arm-none-eabi/12.3.1/../../../../arm-none-eabi/lib/thumb/v7-m/nofp/crt0.o (exit)
F:/Program/Unpack/STM32CubeIDE_1.15.0/STM32CubeIDE/plugins/com.st.stm32cube.ide.mcu.externaltools.gnu-tools-for-stm32.12.3.rel1.win32_1.0.100.202403111256/tools/bin/../lib/gcc/arm-none-eabi/12.3.1/../../../../arm-none-eabi/lib/thumb/v7-m/nofp\libc_nano.a(libc_a-findfp.o)
                              F:/Program/Unpack/STM32CubeIDE_1.15.0/STM32CubeIDE/plugins/com.st.stm32cube.ide.mcu.externaltools.gnu-tools-for-stm32.12.3.rel1.win32_1.0.100.202403111256/tools/bin/../lib/gcc/arm-none-eabi/12.3.1/../../../../arm-none-eabi/lib/thumb/v7-m/nofp\libc_nano.a(libc_a-exit.o) (__stdio_exit_handler)
F:/Program/Unpack/STM32CubeIDE_1.15.0/STM32CubeIDE/plugins/com.st.stm32cube.ide.mcu.externaltools.gnu-tools-for-stm32.12.3.rel1.win32_1.0.100.202403111256/tools/bin/../lib/gcc/arm-none-eabi/12.3.1/../../../../arm-none-eabi/lib/thumb/v7-m/nofp\libc_nano.a(libc_a-fwalk.o)
                              F:/Program/Unpack/STM32CubeIDE_1.15.0/STM32CubeIDE/plugins/com.st.stm32cube.ide.mcu.externaltools.gnu-tools-for-stm32.12.3.rel1.win32_1.0.100.202403111256/tools/bin/../lib/gcc/arm-none-eabi/12.3.1/../../../../arm-none-eabi/lib/thumb/v7-m/nofp\libc_nano.a(libc_a-findfp.o) (_fwalk_sglue)
F:/Program/Unpack/STM32CubeIDE_1.15.0/STM32CubeIDE/plugins/com.st.stm32cube.ide.mcu.externaltools.gnu-tools-for-stm32.12.3.rel1.win32_1.0.100.202403111256/tools/bin/../lib/gcc/arm-none-eabi/12.3.1/../../../../arm-none-eabi/lib/thumb/v7-m/nofp\libc_nano.a(libc_a-stdio.o)
                              F:/Program/Unpack/STM32CubeIDE_1.15.0/STM32CubeIDE/plugins/com.st.stm32cube.ide.mcu.externaltools.gnu-tools-for-stm32.12.3.rel1.win32_1.0.100.202403111256/tools/bin/../lib/gcc/arm-none-eabi/12.3.1/../../../../arm-none-eabi/lib/thumb/v7-m/nofp\libc_nano.a(libc_a-findfp.o) (__sread)
F:/Program/Unpack/STM32CubeIDE_1.15.0/STM32CubeIDE/plugins/com.st.stm32cube.ide.mcu.externaltools.gnu-tools-for-stm32.12.3.rel1.win32_1.0.100.202403111256/tools/bin/../lib/gcc/arm-none-eabi/12.3.1/../../../../arm-none-eabi/lib/thumb/v7-m/nofp\libc_nano.a(libc_a-memset.o)
                              F:/Program/Unpack/STM32CubeIDE_1.15.0/STM32CubeIDE/plugins/com.st.stm32cube.ide.mcu.externaltools.gnu-tools-for-stm32.12.3.rel1.win32_1.0.100.202403111256/tools/bin/../lib/gcc/arm-none-eabi/12.3.1/../../../../arm-none-eabi/lib/thumb/v7-m/nofp/crt0.o (memset)
F:/Program/Unpack/STM32CubeIDE_1.15.0/STM32CubeIDE/plugins/com.st.stm32cube.ide.mcu.externaltools.gnu-tools-for-stm32.12.3.rel1.win32_1.0.100.202403111256/tools/bin/../lib/gcc/arm-none-eabi/12.3.1/../../../../arm-none-eabi/lib/thumb/v7-m/nofp\libc_nano.a(libc_a-closer.o)
                              F:/Program/Unpack/STM32CubeIDE_1.15.0/STM32CubeIDE/plugins/com.st.stm32cube.ide.mcu.externaltools.gnu-tools-for-stm32.12.3.rel1.win32_1.0.100.202403111256/tools/bin/../lib/gcc/arm-none-eabi/12.3.1/../../../../arm-none-eabi/lib/thumb/v7-m/nofp\libc_nano.a(libc_a-stdio.o) (_close_r)
F:/Program/Unpack/STM32CubeIDE_1.15.0/STM32CubeIDE/plugins/com.st.stm32cube.ide.mcu.externaltools.gnu-tools-for-stm32.12.3.rel1.win32_1.0.100.202403111256/tools/bin/../lib/gcc/arm-none-eabi/12.3.1/../../../../arm-none-eabi/lib/thumb/v7-m/nofp\libc_nano.a(libc_a-reent.o)
                              F:/Program/Unpack/STM32CubeIDE_1.15.0/STM32CubeIDE/plugins/com.st.stm32cube.ide.mcu.externaltools.gnu-tools-for-stm32.12.3.rel1.win32_1.0.100.202403111256/tools/bin/../lib/gcc/arm-none-eabi/12.3.1/../../../../arm-none-eabi/lib/thumb/v7-m/nofp\libc_nano.a(libc_a-closer.o) (errno)
F:/Program/Unpack/STM32CubeIDE_1.15.0/STM32CubeIDE/plugins/com.st.stm32cube.ide.mcu.externaltools.gnu-tools-for-stm32.12.3.rel1.win32_1.0.100.202403111256/tools/bin/../lib/gcc/arm-none-eabi/12.3.1/../../../../arm-none-eabi/lib/thumb/v7-m/nofp\libc_nano.a(libc_a-impure.o)
                              F:/Program/Unpack/STM32CubeIDE_1.15.0/STM32CubeIDE/plugins/com.st.stm32cube.ide.mcu.externaltools.gnu-tools-for-stm32.12.3.rel1.win32_1.0.100.202403111256/tools/bin/../lib/gcc/arm-none-eabi/12.3.1/../../../../arm-none-eabi/lib/thumb/v7-m/nofp\libc_nano.a(libc_a-reent.o) (_impure_ptr)
F:/Program/Unpack/STM32CubeIDE_1.15.0/STM32CubeIDE/plugins/com.st.stm32cube.ide.mcu.externaltools.gnu-tools-for-stm32.12.3.rel1.win32_1.0.100.202403111256/tools/bin/../lib/gcc/arm-none-eabi/12.3.1/../../../../arm-none-eabi/lib/thumb/v7-m/nofp\libc_nano.a(libc_a-lseekr.o)
[...]
Memory Configuration

Name             Origin             Length             Attributes
RAM              0x20000000         0x00005000         xrw
FLASH            0x08000000         0x00010000         xr
*default*        0x00000000         0xffffffff

Linker script and memory map

LOAD F:/Program/Unpack/STM32CubeIDE_1.15.0/STM32CubeIDE/plugins/com.st.stm32cube.ide.mcu.externaltools.gnu-tools-for-stm32.12.3.rel1.win32_1.0.100.202403111256/tools/bin/../lib/gcc/arm-none-eabi/12.3.1/thumb/v7-m/nofp/crti.o
LOAD F:/Program/Unpack/STM32CubeIDE_1.15.0/STM32CubeIDE/plugins/com.st.stm32cube.ide.mcu.externaltools.gnu-tools-for-stm32.12.3.rel1.win32_1.0.100.202403111256/tools/bin/../lib/gcc/arm-none-eabi/12.3.1/thumb/v7-m/nofp/crtbegin.o
LOAD F:/Program/Unpack/STM32CubeIDE_1.15.0/STM32CubeIDE/plugins/com.st.stm32cube.ide.mcu.externaltools.gnu-tools-for-stm32.12.3.rel1.win32_1.0.100.202403111256/tools/bin/../lib/gcc/arm-none-eabi/12.3.1/../../../../arm-none-eabi/lib/thumb/v7-m/nofp/crt0.o
LOAD ./Core/Src/main.o
LOAD ./Core/Src/stm32f1xx_hal_msp.o
LOAD ./Core/Src/stm32f1xx_it.o
LOAD ./Core/Src/syscalls.o
LOAD ./Core/Src/sysmem.o
LOAD ./Core/Src/system_stm32f1xx.o
LOAD ./Core/Startup/startup_stm32f103c8tx.o
LOAD ./Drivers/STM32F1xx_HAL_Driver/Src/stm32f1xx_hal.o
LOAD ./Drivers/STM32F1xx_HAL_Driver/Src/stm32f1xx_hal_cortex.o
LOAD ./Drivers/STM32F1xx_HAL_Driver/Src/stm32f1xx_hal_dma.o
LOAD ./Drivers/STM32F1xx_HAL_Driver/Src/stm32f1xx_hal_exti.o
LOAD ./Drivers/STM32F1xx_HAL_Driver/Src/stm32f1xx_hal_flash.o
LOAD ./Drivers/STM32F1xx_HAL_Driver/Src/stm32f1xx_hal_flash_ex.o
LOAD ./Drivers/STM32F1xx_HAL_Driver/Src/stm32f1xx_hal_gpio.o
LOAD ./Drivers/STM32F1xx_HAL_Driver/Src/stm32f1xx_hal_gpio_ex.o
LOAD ./Drivers/STM32F1xx_HAL_Driver/Src/stm32f1xx_hal_pcd.o
LOAD ./Drivers/STM32F1xx_HAL_Driver/Src/stm32f1xx_hal_pcd_ex.o
LOAD ./Drivers/STM32F1xx_HAL_Driver/Src/stm32f1xx_hal_pwr.o
LOAD ./Drivers/STM32F1xx_HAL_Driver/Src/stm32f1xx_hal_rcc.o
LOAD ./Drivers/STM32F1xx_HAL_Driver/Src/stm32f1xx_hal_rcc_ex.o
LOAD ./Drivers/STM32F1xx_HAL_Driver/Src/stm32f1xx_hal_tim.o
LOAD ./Drivers/STM32F1xx_HAL_Driver/Src/stm32f1xx_hal_tim_ex.o
LOAD ./Drivers/STM32F1xx_HAL_Driver/Src/stm32f1xx_hal_uart.o
LOAD ./Drivers/STM32F1xx_HAL_Driver/Src/stm32f1xx_ll_usb.o
LOAD ./Middlewares/ST/STM32_USB_Device_Library/Class/HID/Src/usbd_hid.o
LOAD ./Middlewares/ST/STM32_USB_Device_Library/Core/Src/usbd_core.o
LOAD ./Middlewares/ST/STM32_USB_Device_Library/Core/Src/usbd_ctlreq.o
LOAD ./Middlewares/ST/STM32_USB_Device_Library/Core/Src/usbd_ioreq.o
LOAD ./USB_DEVICE/App/usb_device.o
LOAD ./USB_DEVICE/App/usbd_desc.o
LOAD ./USB_DEVICE/Target/usbd_conf.o
START GROUP
LOAD F:/Program/Unpack/STM32CubeIDE_1.15.0/STM32CubeIDE/plugins/com.st.stm32cube.ide.mcu.externaltools.gnu-tools-for-stm32.12.3.rel1.win32_1.0.100.202403111256/tools/bin/../lib/gcc/arm-none-eabi/12.3.1/../../../../arm-none-eabi/lib/thumb/v7-m/nofp\libc_nano.a
LOAD F:/Program/Unpack/STM32CubeIDE_1.15.0/STM32CubeIDE/plugins/com.st.stm32cube.ide.mcu.externaltools.gnu-tools-for-stm32.12.3.rel1.win32_1.0.100.202403111256/tools/bin/../lib/gcc/arm-none-eabi/12.3.1/../../../../arm-none-eabi/lib/thumb/v7-m/nofp\libm.a
END GROUP
START GROUP
LOAD F:/Program/Unpack/STM32CubeIDE_1.15.0/STM32CubeIDE/plugins/com.st.stm32cube.ide.mcu.externaltools.gnu-tools-for-stm32.12.3.rel1.win32_1.0.100.202403111256/tools/bin/../lib/gcc/arm-none-eabi/12.3.1/thumb/v7-m/nofp\libgcc.a
LOAD F:/Program/Unpack/STM32CubeIDE_1.15.0/STM32CubeIDE/plugins/com.st.stm32cube.ide.mcu.externaltools.gnu-tools-for-stm32.12.3.rel1.win32_1.0.100.202403111256/tools/bin/../lib/gcc/arm-none-eabi/12.3.1/../../../../arm-none-eabi/lib/thumb/v7-m/nofp\libc_nano.a
END GROUP
START GROUP
LOAD F:/Program/Unpack/STM32CubeIDE_1.15.0/STM32CubeIDE/plugins/com.st.stm32cube.ide.mcu.externaltools.gnu-tools-for-stm32.12.3.rel1.win32_1.0.100.202403111256/tools/bin/../lib/gcc/arm-none-eabi/12.3.1/thumb/v7-m/nofp\libgcc.a
LOAD F:/Program/Unpack/STM32CubeIDE_1.15.0/STM32CubeIDE/plugins/com.st.stm32cube.ide.mcu.externaltools.gnu-tools-for-stm32.12.3.rel1.win32_1.0.100.202403111256/tools/bin/../lib/gcc/arm-none-eabi/12.3.1/../../../../arm-none-eabi/lib/thumb/v7-m/nofp\libc_nano.a
LOAD F:/Program/Unpack/STM32CubeIDE_1.15.0/STM32CubeIDE/plugins/com.st.stm32cube.ide.mcu.externaltools.gnu-tools-for-stm32.12.3.rel1.win32_1.0.100.202403111256/tools/bin/../lib/gcc/arm-none-eabi/12.3.1/../../../../arm-none-eabi/lib/thumb/v7-m/nofp\libnosys.a
END GROUP
START GROUP
LOAD F:/Program/Unpack/STM32CubeIDE_1.15.0/STM32CubeIDE/plugins/com.st.stm32cube.ide.mcu.externaltools.gnu-tools-for-stm32.12.3.rel1.win32_1.0.100.202403111256/tools/bin/../lib/gcc/arm-none-eabi/12.3.1/thumb/v7-m/nofp\libgcc.a
LOAD F:/Program/Unpack/STM32CubeIDE_1.15.0/STM32CubeIDE/plugins/com.st.stm32cube.ide.mcu.externaltools.gnu-tools-for-stm32.12.3.rel1.win32_1.0.100.202403111256/tools/bin/../lib/gcc/arm-none-eabi/12.3.1/../../../../arm-none-eabi/lib/thumb/v7-m/nofp\libc_nano.a
LOAD F:/Program/Unpack/STM32CubeIDE_1.15.0/STM32CubeIDE/plugins/com.st.stm32cube.ide.mcu.externaltools.gnu-tools-for-stm32.12.3.rel1.win32_1.0.100.202403111256/tools/bin/../lib/gcc/arm-none-eabi/12.3.1/../../../../arm-none-eabi/lib/thumb/v7-m/nofp\libnosys.a
END GROUP
LOAD F:/Program/Unpack/STM32CubeIDE_1.15.0/STM32CubeIDE/plugins/com.st.stm32cube.ide.mcu.externaltools.gnu-tools-for-stm32.12.3.rel1.win32_1.0.100.202403111256/tools/bin/../lib/gcc/arm-none-eabi/12.3.1/thumb/v7-m/nofp/crtend.o
LOAD F:/Program/Unpack/STM32CubeIDE_1.15.0/STM32CubeIDE/plugins/com.st.stm32cube.ide.mcu.externaltools.gnu-tools-for-stm32.12.3.rel1.win32_1.0.100.202403111256/tools/bin/../lib/gcc/arm-none-eabi/12.3.1/thumb/v7-m/nofp/crtn.o
                0x20005000                        _estack = (ORIGIN (RAM) + LENGTH (RAM))
                0x00000200                        _Min_Heap_Size = 0x200
                0x00000400                        _Min_Stack_Size = 0x400

.isr_vector     0x08000000      0x10c
                0x08000000                        . = ALIGN (0x4)
 *(.isr_vector)
 .isr_vector    0x08000000      0x10c ./Core/Startup/startup_stm32f103c8tx.o
                0x08000000                g_pfnVectors
                0x0800010c                        . = ALIGN (0x4)

.text           0x0800010c     0x86ec
                0x0800010c                        . = ALIGN (0x4)
 *(.text)
 .text          0x0800010c       0x40 F:/Program/Unpack/STM32CubeIDE_1.15.0/STM32CubeIDE/plugins/com.st.stm32cube.ide.mcu.externaltools.gnu-tools-for-stm32.12.3.rel1.win32_1.0.100.202403111256/tools/bin/../lib/gcc/arm-none-eabi/12.3.1/thumb/v7-m/nofp/crtbegin.o
 *(.text*)
 .text.GetPointerData
                0x0800014c       0x34 ./Core/Src/main.o
 .text.main     0x08000180       0x2c ./Core/Src/main.o
                0x08000180                main
 .text.SystemClock_Config
                0x080001ac       0xb4 ./Core/Src/main.o
                0x080001ac                SystemClock_Config
 .text.MX_TIM2_Init
                0x08000260       0x98 ./Core/Src/main.o
 .text.MX_USART1_UART_Init
                0x080002f8       0x54 ./Core/Src/main.o
 .text.MX_GPIO_Init
                0x0800034c       0x6c ./Core/Src/main.o
 .text.HAL_TIM_PeriodElapsedCallback
                0x080003b8       0x54 ./Core/Src/main.o
                0x080003b8                HAL_TIM_PeriodElapsedCallback
 .text.Error_Handler
                0x0800040c        0xc ./Core/Src/main.o
                0x0800040c                Error_Handler
 .text.HAL_MspInit
                0x08000418       0x64 ./Core/Src/stm32f1xx_hal_msp.o
                0x08000418                HAL_MspInit
 .text.HAL_TIM_Base_MspInit
                0x0800047c       0x48 ./Core/Src/stm32f1xx_hal_msp.o
                0x0800047c                HAL_TIM_Base_MspInit
 .text.HAL_UART_MspInit
                0x080004c4       0xa8 ./Core/Src/stm32f1xx_hal_msp.o
                0x080004c4                HAL_UART_MspInit
 .text.NMI_Handler
                0x0800056c        0x8 ./Core/Src/stm32f1xx_it.o
                0x0800056c                NMI_Handler
 .text.HardFault_Handler
                0x08000574        0x8 ./Core/Src/stm32f1xx_it.o
                0x08000574                HardFault_Handler
 .text.MemManage_Handler
                0x0800057c        0x8 ./Core/Src/stm32f1xx_it.o
                0x0800057c                MemManage_Handler
 .text.BusFault_Handler
                0x08000584        0x8 ./Core/Src/stm32f1xx_it.o
                0x08000584                BusFault_Handler
 .text.UsageFault_Handler
                0x0800058c        0x8 ./Core/Src/stm32f1xx_it.o
                0x0800058c                UsageFault_Handler
 .text.SVC_Handler
                0x08000594        0xc ./Core/Src/stm32f1xx_it.o
                0x08000594                SVC_Handler
 .text.DebugMon_Handler
                0x080005a0        0xc ./Core/Src/stm32f1xx_it.o
                0x080005a0                DebugMon_Handler
 .text.PendSV_Handler
                0x080005ac        0xc ./Core/Src/stm32f1xx_it.o
                0x080005ac                PendSV_Handler
 .text.SysTick_Handler
                0x080005b8        0xc ./Core/Src/stm32f1xx_it.o
                0x080005b8                SysTick_Handler
 .text.USB_LP_CAN1_RX0_IRQHandler
                0x080005c4       0x14 ./Core/Src/stm32f1xx_it.o
                0x080005c4                USB_LP_CAN1_RX0_IRQHandler
 .text.TIM2_IRQHandler
                0x080005d8       0x14 ./Core/Src/stm32f1xx_it.o
                0x080005d8                TIM2_IRQHandler
 .text.USART1_IRQHandler
                0x080005ec       0x14 ./Core/Src/stm32f1xx_it.o
                0x080005ec                USART1_IRQHandler
 .text.SystemInit
                0x08000600        0xc ./Core/Src/system_stm32f1xx.o
                0x08000600                SystemInit
 .text.Reset_Handler
                0x0800060c       0x48 ./Core/Startup/startup_stm32f103c8tx.o
                0x0800060c                Reset_Handler
 .text.Default_Handler
                0x08000654        0x2 ./Core/Startup/startup_stm32f103c8tx.o
                0x08000654                RTC_Alarm_IRQHandler
                0x08000654                EXTI2_IRQHandler
                0x08000654                TIM1_CC_IRQHandler
                0x08000654                PVD_IRQHandler
                0x08000654                EXTI3_IRQHandler
                0x08000654                EXTI0_IRQHandler
                0x08000654                I2C2_EV_IRQHandler
                0x08000654                ADC1_2_IRQHandler
                0x08000654                SPI1_IRQHandler
                0x08000654                TAMPER_IRQHandler
                0x08000654                DMA1_Channel4_IRQHandler
                0x08000654                USART3_IRQHandler
                0x08000654                RTC_IRQHandler
                0x08000654                DMA1_Channel7_IRQHandler
                0x08000654                CAN1_RX1_IRQHandler
                0x08000654                TIM4_IRQHandler
                0x08000654                I2C1_EV_IRQHandler
                0x08000654                DMA1_Channel6_IRQHandler
                0x08000654                TIM3_IRQHandler
                0x08000654                RCC_IRQHandler
                0x08000654                TIM1_TRG_COM_IRQHandler
                0x08000654                DMA1_Channel1_IRQHandler
                0x08000654                Default_Handler
                0x08000654                EXTI15_10_IRQHandler
                0x08000654                EXTI9_5_IRQHandler
                0x08000654                SPI2_IRQHandler
                0x08000654                DMA1_Channel5_IRQHandler
                0x08000654                EXTI4_IRQHandler
                0x08000654                USB_HP_CAN1_TX_IRQHandler
                0x08000654                DMA1_Channel3_IRQHandler
                0x08000654                TIM1_UP_IRQHandler
                0x08000654                WWDG_IRQHandler
                0x08000654                TIM1_BRK_IRQHandler
                0x08000654                EXTI1_IRQHandler
                0x08000654                USART2_IRQHandler
                0x08000654                I2C2_ER_IRQHandler
                0x08000654                DMA1_Channel2_IRQHandler
                0x08000654                CAN1_SCE_IRQHandler
                0x08000654                FLASH_IRQHandler
                0x08000654                I2C1_ER_IRQHandler
                0x08000654                USBWakeUp_IRQHandler
 *fill*         0x08000656        0x2 
 .text.HAL_Init
                0x08000658       0x2c ./Drivers/STM32F1xx_HAL_Driver/Src/stm32f1xx_hal.o
                0x08000658                HAL_Init
 .text.HAL_InitTick
                0x08000684       0x60 ./Drivers/STM32F1xx_HAL_Driver/Src/stm32f1xx_hal.o
                0x08000684                HAL_InitTick
 .text.HAL_IncTick
                0x080006e4       0x24 ./Drivers/STM32F1xx_HAL_Driver/Src/stm32f1xx_hal.o
                0x080006e4                HAL_IncTick
 .text.HAL_GetTick
                0x08000708       0x14 ./Drivers/STM32F1xx_HAL_Driver/Src/stm32f1xx_hal.o
                0x08000708                HAL_GetTick
 .text.__NVIC_SetPriorityGrouping
                0x0800071c       0x48 ./Drivers/STM32F1xx_HAL_Driver/Src/stm32f1xx_hal_cortex.o
 .text.__NVIC_GetPriorityGrouping
                0x08000764       0x1c ./Drivers/STM32F1xx_HAL_Driver/Src/stm32f1xx_hal_cortex.o
 .text.__NVIC_EnableIRQ
                0x08000780       0x38 ./Drivers/STM32F1xx_HAL_Driver/Src/stm32f1xx_hal_cortex.o
 .text.__NVIC_SetPriority
                0x080007b8       0x54 ./Drivers/STM32F1xx_HAL_Driver/Src/stm32f1xx_hal_cortex.o
 .text.NVIC_EncodePriority
                0x0800080c       0x64 ./Drivers/STM32F1xx_HAL_Driver/Src/stm32f1xx_hal_cortex.o
 .text.SysTick_Config
                0x08000870       0x44 ./Drivers/STM32F1xx_HAL_Driver/Src/stm32f1xx_hal_cortex.o
 .text.HAL_NVIC_SetPriorityGrouping
                0x080008b4       0x16 ./Drivers/STM32F1xx_HAL_Driver/Src/stm32f1xx_hal_cortex.o
                0x080008b4                HAL_NVIC_SetPriorityGrouping
 .text.HAL_NVIC_SetPriority
                0x080008ca       0x38 ./Drivers/STM32F1xx_HAL_Driver/Src/stm32f1xx_hal_cortex.o
                0x080008ca                HAL_NVIC_SetPriority
 .text.HAL_NVIC_EnableIRQ
                0x08000902       0x1c ./Drivers/STM32F1xx_HAL_Driver/Src/stm32f1xx_hal_cortex.o
                0x08000902                HAL_NVIC_EnableIRQ
 .text.HAL_SYSTICK_Config
                0x0800091e       0x18 ./Drivers/STM32F1xx_HAL_Driver/Src/stm32f1xx_hal_cortex.o
                0x0800091e                HAL_SYSTICK_Config
 .text.HAL_DMA_Abort
                0x08000936       0x76 ./Drivers/STM32F1xx_HAL_Driver/Src/stm32f1xx_hal_dma.o
                0x08000936                HAL_DMA_Abort
 .text.HAL_DMA_Abort_IT
                0x080009ac       0xf0 ./Drivers/STM32F1xx_HAL_Driver/Src/stm32f1xx_hal_dma.o
                0x080009ac                HAL_DMA_Abort_IT
 .text.HAL_GPIO_Init
                0x08000a9c      0x308 ./Drivers/STM32F1xx_HAL_Driver/Src/stm32f1xx_hal_gpio.o
                0x08000a9c                HAL_GPIO_Init
 .text.HAL_GPIO_ReadPin
                0x08000da4       0x2e ./Drivers/STM32F1xx_HAL_Driver/Src/stm32f1xx_hal_gpio.o
                0x08000da4                HAL_GPIO_ReadPin
 .text.HAL_PCD_Init
                0x08000dd2      0x1fe ./Drivers/STM32F1xx_HAL_Driver/Src/stm32f1xx_hal_pcd.o
                0x08000dd2                HAL_PCD_Init
 .text.HAL_PCD_Start
                0x08000fd0       0x4c ./Drivers/STM32F1xx_HAL_Driver/Src/stm32f1xx_hal_pcd.o
                0x08000fd0                HAL_PCD_Start
 .text.HAL_PCD_IRQHandler
                0x0800101c      0x260 ./Drivers/STM32F1xx_HAL_Driver/Src/stm32f1xx_hal_pcd.o
                0x0800101c                HAL_PCD_IRQHandler
 .text.HAL_PCD_SetAddress
                0x0800127c       0x4a ./Drivers/STM32F1xx_HAL_Driver/Src/stm32f1xx_hal_pcd.o
                0x0800127c                HAL_PCD_SetAddress
 .text.HAL_PCD_EP_Open
                0x080012c6       0xba ./Drivers/STM32F1xx_HAL_Driver/Src/stm32f1xx_hal_pcd.o
                0x080012c6                HAL_PCD_EP_Open
 .text.HAL_PCD_EP_Close
                0x08001380       0x90 ./Drivers/STM32F1xx_HAL_Driver/Src/stm32f1xx_hal_pcd.o
                0x08001380                HAL_PCD_EP_Close
 .text.HAL_PCD_EP_Receive
                0x08001410       0x62 ./Drivers/STM32F1xx_HAL_Driver/Src/stm32f1xx_hal_pcd.o
                0x08001410                HAL_PCD_EP_Receive
 .text.HAL_PCD_EP_Transmit
                0x08001472       0x6e ./Drivers/STM32F1xx_HAL_Driver/Src/stm32f1xx_hal_pcd.o
                0x08001472                HAL_PCD_EP_Transmit
 .text.HAL_PCD_EP_SetStall
                0x080014e0       0xc0 ./Drivers/STM32F1xx_HAL_Driver/Src/stm32f1xx_hal_pcd.o
                0x080014e0                HAL_PCD_EP_SetStall
 .text.HAL_PCD_EP_ClrStall
                0x080015a0       0xa8 ./Drivers/STM32F1xx_HAL_Driver/Src/stm32f1xx_hal_pcd.o
                0x080015a0                HAL_PCD_EP_ClrStall
 .text.PCD_EP_ISR_Handler
                0x08001648      0x7a4 ./Drivers/STM32F1xx_HAL_Driver/Src/stm32f1xx_hal_pcd.o
 .text.HAL_PCD_EP_DB_Receive
                0x08001dec      0x21a ./Drivers/STM32F1xx_HAL_Driver/Src/stm32f1xx_hal_pcd.o
 .text.HAL_PCD_EP_DB_Transmit
                0x08002006      0x7f4 ./Drivers/STM32F1xx_HAL_Driver/Src/stm32f1xx_hal_pcd.o
 .text.HAL_PCDEx_PMAConfig
                0x080027fa       0x84 ./Drivers/STM32F1xx_HAL_Driver/Src/stm32f1xx_hal_pcd_ex.o
                0x080027fa                HAL_PCDEx_PMAConfig
 *fill*         0x0800287e        0x2 
 .text.HAL_RCC_OscConfig
                0x08002880      0x504 ./Drivers/STM32F1xx_HAL_Driver/Src/stm32f1xx_hal_rcc.o
                0x08002880                HAL_RCC_OscConfig
 .text.HAL_RCC_ClockConfig
                0x08002d84      0x1d4 ./Drivers/STM32F1xx_HAL_Driver/Src/stm32f1xx_hal_rcc.o
                0x08002d84                HAL_RCC_ClockConfig
 .text.HAL_RCC_GetSysClockFreq
                0x08002f58       0xa8 ./Drivers/STM32F1xx_HAL_Driver/Src/stm32f1xx_hal_rcc.o
                0x08002f58                HAL_RCC_GetSysClockFreq
 .text.HAL_RCC_GetHCLKFreq
                0x08003000       0x14 ./Drivers/STM32F1xx_HAL_Driver/Src/stm32f1xx_hal_rcc.o
                0x08003000                HAL_RCC_GetHCLKFreq
 .text.HAL_RCC_GetPCLK1Freq
                0x08003014       0x28 ./Drivers/STM32F1xx_HAL_Driver/Src/stm32f1xx_hal_rcc.o
                0x08003014                HAL_RCC_GetPCLK1Freq
 .text.HAL_RCC_GetPCLK2Freq
                0x0800303c       0x28 ./Drivers/STM32F1xx_HAL_Driver/Src/stm32f1xx_hal_rcc.o
                0x0800303c                HAL_RCC_GetPCLK2Freq
 .text.RCC_Delay
                0x08003064       0x3c ./Drivers/STM32F1xx_HAL_Driver/Src/stm32f1xx_hal_rcc.o
 .text.HAL_RCCEx_PeriphCLKConfig
                0x080030a0      0x16c ./Drivers/STM32F1xx_HAL_Driver/Src/stm32f1xx_hal_rcc_ex.o
                0x080030a0                HAL_RCCEx_PeriphCLKConfig
 .text.HAL_TIM_Base_Init
                0x0800320c       0x9e ./Drivers/STM32F1xx_HAL_Driver/Src/stm32f1xx_hal_tim.o
                0x0800320c                HAL_TIM_Base_Init
 *fill*         0x080032aa        0x2 
 .text.HAL_TIM_Base_Start_IT
                0x080032ac       0xa4 ./Drivers/STM32F1xx_HAL_Driver/Src/stm32f1xx_hal_tim.o
                0x080032ac                HAL_TIM_Base_Start_IT
 .text.HAL_TIM_IRQHandler
                0x08003350      0x210 ./Drivers/STM32F1xx_HAL_Driver/Src/stm32f1xx_hal_tim.o
                0x08003350                HAL_TIM_IRQHandler
 .text.HAL_TIM_ConfigClockSource
                0x08003560      0x18e ./Drivers/STM32F1xx_HAL_Driver/Src/stm32f1xx_hal_tim.o
                0x08003560                HAL_TIM_ConfigClockSource
 .text.HAL_TIM_OC_DelayElapsedCallback
                0x080036ee       0x12 ./Drivers/STM32F1xx_HAL_Driver/Src/stm32f1xx_hal_tim.o
                0x080036ee                HAL_TIM_OC_DelayElapsedCallback
 .text.HAL_TIM_IC_CaptureCallback
                0x08003700       0x12 ./Drivers/STM32F1xx_HAL_Driver/Src/stm32f1xx_hal_tim.o
                0x08003700                HAL_TIM_IC_CaptureCallback
 .text.HAL_TIM_PWM_PulseFinishedCallback
                0x08003712       0x12 ./Drivers/STM32F1xx_HAL_Driver/Src/stm32f1xx_hal_tim.o
                0x08003712                HAL_TIM_PWM_PulseFinishedCallback
 .text.HAL_TIM_TriggerCallback
                0x08003724       0x12 ./Drivers/STM32F1xx_HAL_Driver/Src/stm32f1xx_hal_tim.o
                0x08003724                HAL_TIM_TriggerCallback
 *fill*         0x08003736        0x2 
 .text.TIM_Base_SetConfig
                0x08003738       0xc4 ./Drivers/STM32F1xx_HAL_Driver/Src/stm32f1xx_hal_tim.o
                0x08003738                TIM_Base_SetConfig
 .text.TIM_TI1_ConfigInputStage
                0x080037fc       0x5c ./Drivers/STM32F1xx_HAL_Driver/Src/stm32f1xx_hal_tim.o
 .text.TIM_TI2_ConfigInputStage
                0x08003858       0x5e ./Drivers/STM32F1xx_HAL_Driver/Src/stm32f1xx_hal_tim.o
 .text.TIM_ITRx_SetConfig
                0x080038b6       0x34 ./Drivers/STM32F1xx_HAL_Driver/Src/stm32f1xx_hal_tim.o
 .text.TIM_ETR_SetConfig
                0x080038ea       0x3e ./Drivers/STM32F1xx_HAL_Driver/Src/stm32f1xx_hal_tim.o
                0x080038ea                TIM_ETR_SetConfig
 .text.HAL_TIMEx_MasterConfigSynchronization
                0x08003928       0xbc ./Drivers/STM32F1xx_HAL_Driver/Src/stm32f1xx_hal_tim_ex.o
                0x08003928                HAL_TIMEx_MasterConfigSynchronization
 .text.HAL_TIMEx_CommutCallback
                0x080039e4       0x12 ./Drivers/STM32F1xx_HAL_Driver/Src/stm32f1xx_hal_tim_ex.o
                0x080039e4                HAL_TIMEx_CommutCallback
 .text.HAL_TIMEx_BreakCallback
                0x080039f6       0x12 ./Drivers/STM32F1xx_HAL_Driver/Src/stm32f1xx_hal_tim_ex.o
                0x080039f6                HAL_TIMEx_BreakCallback
 .text.HAL_UART_Init
                0x08003a08       0xa0 ./Drivers/STM32F1xx_HAL_Driver/Src/stm32f1xx_hal_uart.o
                0x08003a08                HAL_UART_Init
 .text.HAL_UART_IRQHandler
                0x08003aa8      0x524 ./Drivers/STM32F1xx_HAL_Driver/Src/stm32f1xx_hal_uart.o
                0x08003aa8                HAL_UART_IRQHandler
 .text.HAL_UART_TxCpltCallback
                0x08003fcc       0x12 ./Drivers/STM32F1xx_HAL_Driver/Src/stm32f1xx_hal_uart.o
                0x08003fcc                HAL_UART_TxCpltCallback
 .text.HAL_UART_RxCpltCallback
                0x08003fde       0x12 ./Drivers/STM32F1xx_HAL_Driver/Src/stm32f1xx_hal_uart.o
                0x08003fde                HAL_UART_RxCpltCallback
 .text.HAL_UART_ErrorCallback
                0x08003ff0       0x12 ./Drivers/STM32F1xx_HAL_Driver/Src/stm32f1xx_hal_uart.o
                0x08003ff0                HAL_UART_ErrorCallback
 .text.HAL_UARTEx_RxEventCallback
                0x08004002       0x16 ./Drivers/STM32F1xx_HAL_Driver/Src/stm32f1xx_hal_uart.o
                0x08004002                HAL_UARTEx_RxEventCallback
 .text.UART_EndRxTransfer
                0x08004018       0xc4 ./Drivers/STM32F1xx_HAL_Driver/Src/stm32f1xx_hal_uart.o
 .text.UART_DMAAbortOnError
                0x080040dc       0x28 ./Drivers/STM32F1xx_HAL_Driver/Src/stm32f1xx_hal_uart.o
 .text.UART_Transmit_IT
                0x08004104       0x9e ./Drivers/STM32F1xx_HAL_Driver/Src/stm32f1xx_hal_uart.o
 .text.UART_EndTransmit_IT
                0x080041a2       0x30 ./Drivers/STM32F1xx_HAL_Driver/Src/stm32f1xx_hal_uart.o
 .text.UART_Receive_IT
                0x080041d2      0x17c ./Drivers/STM32F1xx_HAL_Driver/Src/stm32f1xx_hal_uart.o
 *fill*         0x0800434e        0x2 
 .text.UART_SetConfig
                0x08004350      0x11c ./Drivers/STM32F1xx_HAL_Driver/Src/stm32f1xx_hal_uart.o
 .text.USB_CoreInit
                0x0800446c       0x20 ./Drivers/STM32F1xx_HAL_Driver/Src/stm32f1xx_ll_usb.o
                0x0800446c                USB_CoreInit
 .text.USB_EnableGlobalInt
                0x0800448c       0x2c ./Drivers/STM32F1xx_HAL_Driver/Src/stm32f1xx_ll_usb.o
                0x0800448c                USB_EnableGlobalInt
 .text.USB_DisableGlobalInt
                0x080044b8       0x34 ./Drivers/STM32F1xx_HAL_Driver/Src/stm32f1xx_ll_usb.o
                0x080044b8                USB_DisableGlobalInt
 .text.USB_SetCurrentMode
                0x080044ec       0x18 ./Drivers/STM32F1xx_HAL_Driver/Src/stm32f1xx_ll_usb.o
                0x080044ec                USB_SetCurrentMode
 .text.USB_DevInit
                0x08004504       0x40 ./Drivers/STM32F1xx_HAL_Driver/Src/stm32f1xx_ll_usb.o
                0x08004504                USB_DevInit
 .text.USB_ActivateEndpoint
                0x08004544      0x780 ./Drivers/STM32F1xx_HAL_Driver/Src/stm32f1xx_ll_usb.o
                0x08004544                USB_ActivateEndpoint
 .text.USB_DeactivateEndpoint
                0x08004cc4      0x3d8 ./Drivers/STM32F1xx_HAL_Driver/Src/stm32f1xx_ll_usb.o
                0x08004cc4                USB_DeactivateEndpoint
 .text.USB_EPStartXfer
                0x0800509c     0x1762 ./Drivers/STM32F1xx_HAL_Driver/Src/stm32f1xx_ll_usb.o
                0x0800509c                USB_EPStartXfer
 .text.USB_EPSetStall
                0x080067fe       0xa0 ./Drivers/STM32F1xx_HAL_Driver/Src/stm32f1xx_ll_usb.o
                0x080067fe                USB_EPSetStall
 .text.USB_EPClearStall
                0x0800689e      0x15a ./Drivers/STM32F1xx_HAL_Driver/Src/stm32f1xx_ll_usb.o
                0x0800689e                USB_EPClearStall
 .text.USB_SetDevAddress
                0x080069f8       0x26 ./Drivers/STM32F1xx_HAL_Driver/Src/stm32f1xx_ll_usb.o
                0x080069f8                USB_SetDevAddress
 .text.USB_DevConnect
                0x08006a1e       0x14 ./Drivers/STM32F1xx_HAL_Driver/Src/stm32f1xx_ll_usb.o
                0x08006a1e                USB_DevConnect
 .text.USB_DevDisconnect
                0x08006a32       0x14 ./Drivers/STM32F1xx_HAL_Driver/Src/stm32f1xx_ll_usb.o
                0x08006a32                USB_DevDisconnect
 .text.USB_ReadInterrupts
                0x08006a46       0x1e ./Drivers/STM32F1xx_HAL_Driver/Src/stm32f1xx_ll_usb.o
                0x08006a46                USB_ReadInterrupts
 .text.USB_EP0_OutStart
                0x08006a64       0x16 ./Drivers/STM32F1xx_HAL_Driver/Src/stm32f1xx_ll_usb.o
                0x08006a64                USB_EP0_OutStart
 .text.USB_WritePMA
                0x08006a7a       0x8a ./Drivers/STM32F1xx_HAL_Driver/Src/stm32f1xx_ll_usb.o
                0x08006a7a                USB_WritePMA
 .text.USB_ReadPMA
                0x08006b04       0x9e ./Drivers/STM32F1xx_HAL_Driver/Src/stm32f1xx_ll_usb.o
                0x08006b04                USB_ReadPMA
 .text.USBD_HID_Init
                0x08006ba2       0x4e ./Middlewares/ST/STM32_USB_Device_Library/Class/HID/Src/usbd_hid.o
 .text.USBD_HID_DeInit
                0x08006bf0       0x42 ./Middlewares/ST/STM32_USB_Device_Library/Class/HID/Src/usbd_hid.o
 *fill*         0x08006c32        0x2 
 .text.USBD_HID_Setup
                0x08006c34      0x1fc ./Middlewares/ST/STM32_USB_Device_Library/Class/HID/Src/usbd_hid.o
 .text.USBD_HID_SendReport
                0x08006e30       0x44 ./Middlewares/ST/STM32_USB_Device_Library/Class/HID/Src/usbd_hid.o
                0x08006e30                USBD_HID_SendReport
 .text.USBD_HID_GetPollingInterval
                0x08006e74       0x2a ./Middlewares/ST/STM32_USB_Device_Library/Class/HID/Src/usbd_hid.o
                0x08006e74                USBD_HID_GetPollingInterval
 *fill*         0x08006e9e        0x2 
 .text.USBD_HID_GetFSCfgDesc
                0x08006ea0       0x20 ./Middlewares/ST/STM32_USB_Device_Library/Class/HID/Src/usbd_hid.o
 .text.USBD_HID_GetHSCfgDesc
                0x08006ec0       0x20 ./Middlewares/ST/STM32_USB_Device_Library/Class/HID/Src/usbd_hid.o
 .text.USBD_HID_GetOtherSpeedCfgDesc
                0x08006ee0       0x20 ./Middlewares/ST/STM32_USB_Device_Library/Class/HID/Src/usbd_hid.o
 .text.USBD_HID_DataIn
                0x08006f00       0x22 ./Middlewares/ST/STM32_USB_Device_Library/Class/HID/Src/usbd_hid.o
 *fill*         0x08006f22        0x2 
 .text.USBD_HID_GetDeviceQualifierDesc
                0x08006f24       0x20 ./Middlewares/ST/STM32_USB_Device_Library/Class/HID/Src/usbd_hid.o
 .text.USBD_Init
                0x08006f44       0x56 ./Middlewares/ST/STM32_USB_Device_Library/Core/Src/usbd_core.o
                0x08006f44                USBD_Init
 .text.USBD_RegisterClass
                0x08006f9a       0x32 ./Middlewares/ST/STM32_USB_Device_Library/Core/Src/usbd_core.o
                0x08006f9a                USBD_RegisterClass
 .text.USBD_Start
                0x08006fcc       0x18 ./Middlewares/ST/STM32_USB_Device_Library/Core/Src/usbd_core.o
                0x08006fcc                USBD_Start
 .text.USBD_RunTestMode
                0x08006fe4       0x14 ./Middlewares/ST/STM32_USB_Device_Library/Core/Src/usbd_core.o
                0x08006fe4                USBD_RunTestMode
 .text.USBD_SetClassConfig
                0x08006ff8       0x3e ./Middlewares/ST/STM32_USB_Device_Library/Core/Src/usbd_core.o
                0x08006ff8                USBD_SetClassConfig
 .text.USBD_ClrClassConfig
                0x08007036       0x26 ./Middlewares/ST/STM32_USB_Device_Library/Core/Src/usbd_core.o
                0x08007036                USBD_ClrClassConfig
 .text.USBD_LL_SetupStage
                0x0800705c       0x9a ./Middlewares/ST/STM32_USB_Device_Library/Core/Src/usbd_core.o
                0x0800705c                USBD_LL_SetupStage
 .text.USBD_LL_DataOutStage
                0x080070f6       0xe2 ./Middlewares/ST/STM32_USB_Device_Library/Core/Src/usbd_core.o
                0x080070f6                USBD_LL_DataOutStage
 .text.USBD_LL_DataInStage
                0x080071d8      0x14a ./Middlewares/ST/STM32_USB_Device_Library/Core/Src/usbd_core.o
                0x080071d8                USBD_LL_DataInStage
 .text.USBD_LL_Reset
                0x08007322       0x82 ./Middlewares/ST/STM32_USB_Device_Library/Core/Src/usbd_core.o
                0x08007322                USBD_LL_Reset
 .text.USBD_LL_SetSpeed
                0x080073a4       0x1e ./Middlewares/ST/STM32_USB_Device_Library/Core/Src/usbd_core.o
                0x080073a4                USBD_LL_SetSpeed
 .text.USBD_LL_Suspend
                0x080073c2       0x28 ./Middlewares/ST/STM32_USB_Device_Library/Core/Src/usbd_core.o
                0x080073c2                USBD_LL_Suspend
 .text.USBD_LL_Resume
                0x080073ea       0x2a ./Middlewares/ST/STM32_USB_Device_Library/Core/Src/usbd_core.o
                0x080073ea                USBD_LL_Resume
 .text.USBD_LL_SOF
                0x08007414       0x34 ./Middlewares/ST/STM32_USB_Device_Library/Core/Src/usbd_core.o
                0x08007414                USBD_LL_SOF
 .text.USBD_StdDevReq
                0x08007448       0xd4 ./Middlewares/ST/STM32_USB_Device_Library/Core/Src/usbd_ctlreq.o
                0x08007448                USBD_StdDevReq
 .text.USBD_StdItfReq
                0x0800751c       0x90 ./Middlewares/ST/STM32_USB_Device_Library/Core/Src/usbd_ctlreq.o
                0x0800751c                USBD_StdItfReq
 .text.USBD_StdEPReq
                0x080075ac      0x2c6 ./Middlewares/ST/STM32_USB_Device_Library/Core/Src/usbd_ctlreq.o
                0x080075ac                USBD_StdEPReq
 *fill*         0x08007872        0x2 
 .text.USBD_GetDescriptor
                0x08007874      0x2d0 ./Middlewares/ST/STM32_USB_Device_Library/Core/Src/usbd_ctlreq.o
 .text.USBD_SetAddress
                0x08007b44       0x86 ./Middlewares/ST/STM32_USB_Device_Library/Core/Src/usbd_ctlreq.o
 *fill*         0x08007bca        0x2 
 .text.USBD_SetConfig
                0x08007bcc      0x11c ./Middlewares/ST/STM32_USB_Device_Library/Core/Src/usbd_ctlreq.o
 .text.USBD_GetConfig
                0x08007ce8       0x6a ./Middlewares/ST/STM32_USB_Device_Library/Core/Src/usbd_ctlreq.o
 .text.USBD_GetStatus
                0x08007d52       0x66 ./Middlewares/ST/STM32_USB_Device_Library/Core/Src/usbd_ctlreq.o
 .text.USBD_SetFeature
                0x08007db8       0x28 ./Middlewares/ST/STM32_USB_Device_Library/Core/Src/usbd_ctlreq.o
 .text.USBD_ClrFeature
                0x08007de0       0x42 ./Middlewares/ST/STM32_USB_Device_Library/Core/Src/usbd_ctlreq.o
 .text.USBD_ParseSetupRequest
                0x08007e22       0x72 ./Middlewares/ST/STM32_USB_Device_Library/Core/Src/usbd_ctlreq.o
                0x08007e22                USBD_ParseSetupRequest
 .text.USBD_CtlError
                0x08007e94       0x22 ./Middlewares/ST/STM32_USB_Device_Library/Core/Src/usbd_ctlreq.o
                0x08007e94                USBD_CtlError
 .text.USBD_GetString
                0x08007eb6       0x84 ./Middlewares/ST/STM32_USB_Device_Library/Core/Src/usbd_ctlreq.o
                0x08007eb6                USBD_GetString
 .text.USBD_GetLen
                0x08007f3a       0x2e ./Middlewares/ST/STM32_USB_Device_Library/Core/Src/usbd_ctlreq.o
 .text.USBD_CtlSendData
                0x08007f68       0x38 ./Middlewares/ST/STM32_USB_Device_Library/Core/Src/usbd_ioreq.o
                0x08007f68                USBD_CtlSendData
 .text.USBD_CtlContinueSendData
                0x08007fa0       0x24 ./Middlewares/ST/STM32_USB_Device_Library/Core/Src/usbd_ioreq.o
                0x08007fa0                USBD_CtlContinueSendData
 .text.USBD_CtlContinueRx
                0x08007fc4       0x24 ./Middlewares/ST/STM32_USB_Device_Library/Core/Src/usbd_ioreq.o
                0x08007fc4                USBD_CtlContinueRx
 .text.USBD_CtlSendStatus
                0x08007fe8       0x26 ./Middlewares/ST/STM32_USB_Device_Library/Core/Src/usbd_ioreq.o
                0x08007fe8                USBD_CtlSendStatus
 .text.USBD_CtlReceiveStatus
                0x0800800e       0x26 ./Middlewares/ST/STM32_USB_Device_Library/Core/Src/usbd_ioreq.o
                0x0800800e                USBD_CtlReceiveStatus
 .text.MX_USB_DEVICE_Init
                0x08008034       0x4c ./USB_DEVICE/App/usb_device.o
                0x08008034                MX_USB_DEVICE_Init
 .text.USBD_FS_DeviceDescriptor
                0x08008080       0x24 ./USB_DEVICE/App/usbd_desc.o
                0x08008080                USBD_FS_DeviceDescriptor
 .text.USBD_FS_LangIDStrDescriptor
                0x080080a4       0x24 ./USB_DEVICE/App/usbd_desc.o
                0x080080a4                USBD_FS_LangIDStrDescriptor
 .text.USBD_FS_ProductStrDescriptor
                0x080080c8       0x3c ./USB_DEVICE/App/usbd_desc.o
                0x080080c8                USBD_FS_ProductStrDescriptor
 .text.USBD_FS_ManufacturerStrDescriptor
                0x08008104       0x28 ./USB_DEVICE/App/usbd_desc.o
                0x08008104                USBD_FS_ManufacturerStrDescriptor
 .text.USBD_FS_SerialStrDescriptor
                0x0800812c       0x24 ./USB_DEVICE/App/usbd_desc.o
                0x0800812c                USBD_FS_SerialStrDescriptor
 .text.USBD_FS_ConfigStrDescriptor
                0x08008150       0x3c ./USB_DEVICE/App/usbd_desc.o
                0x08008150                USBD_FS_ConfigStrDescriptor
 .text.USBD_FS_InterfaceStrDescriptor
                0x0800818c       0x3c ./USB_DEVICE/App/usbd_desc.o
                0x0800818c                USBD_FS_InterfaceStrDescriptor
 .text.Get_SerialNum
                0x080081c8       0x38 ./USB_DEVICE/App/usbd_desc.o
 .text.IntToUnicode
                0x08008200       0x7c ./USB_DEVICE/App/usbd_desc.o
 .text.HAL_PCD_MspInit
                0x0800827c       0x4c ./USB_DEVICE/Target/usbd_conf.o
                0x0800827c                HAL_PCD_MspInit
 .text.HAL_PCD_SetupStageCallback
                0x080082c8       0x24 ./USB_DEVICE/Target/usbd_conf.o
                0x080082c8                HAL_PCD_SetupStageCallback
 .text.HAL_PCD_DataOutStageCallback
                0x080082ec       0x36 ./USB_DEVICE/Target/usbd_conf.o
                0x080082ec                HAL_PCD_DataOutStageCallback
 .text.HAL_PCD_DataInStageCallback
                0x08008322       0x34 ./USB_DEVICE/Target/usbd_conf.o
                0x08008322                HAL_PCD_DataInStageCallback
 .text.HAL_PCD_SOFCallback
                0x08008356       0x1c ./USB_DEVICE/Target/usbd_conf.o
                0x08008356                HAL_PCD_SOFCallback
 .text.HAL_PCD_ResetCallback
                0x08008372       0x3c ./USB_DEVICE/Target/usbd_conf.o
                0x08008372                HAL_PCD_ResetCallback
 *fill*         0x080083ae        0x2 
 .text.HAL_PCD_SuspendCallback
                0x080083b0       0x34 ./USB_DEVICE/Target/usbd_conf.o
                0x080083b0                HAL_PCD_SuspendCallback
 .text.HAL_PCD_ResumeCallback
                0x080083e4       0x1c ./USB_DEVICE/Target/usbd_conf.o
                0x080083e4                HAL_PCD_ResumeCallback
 .text.USBD_LL_Init
                0x08008400       0x90 ./USB_DEVICE/Target/usbd_conf.o
                0x08008400                USBD_LL_Init
 .text.USBD_LL_Start
                0x08008490       0x36 ./USB_DEVICE/Target/usbd_conf.o
                0x08008490                USBD_LL_Start
 .text.USBD_LL_OpenEP
                0x080084c6       0x4c ./USB_DEVICE/Target/usbd_conf.o
                0x080084c6                USBD_LL_OpenEP
 .text.USBD_LL_CloseEP
                0x08008512       0x3e ./USB_DEVICE/Target/usbd_conf.o
                0x08008512                USBD_LL_CloseEP
 .text.USBD_LL_StallEP
                0x08008550       0x3e ./USB_DEVICE/Target/usbd_conf.o
                0x08008550                USBD_LL_StallEP
 .text.USBD_LL_ClearStallEP
                0x0800858e       0x3e ./USB_DEVICE/Target/usbd_conf.o
                0x0800858e                USBD_LL_ClearStallEP
 .text.USBD_LL_IsStallEP
                0x080085cc       0x58 ./USB_DEVICE/Target/usbd_conf.o
                0x080085cc                USBD_LL_IsStallEP
 .text.USBD_LL_SetUSBAddress
                0x08008624       0x3e ./USB_DEVICE/Target/usbd_conf.o
                0x08008624                USBD_LL_SetUSBAddress
 .text.USBD_LL_Transmit
                0x08008662       0x46 ./USB_DEVICE/Target/usbd_conf.o
                0x08008662                USBD_LL_Transmit
 .text.USBD_LL_PrepareReceive
                0x080086a8       0x46 ./USB_DEVICE/Target/usbd_conf.o
                0x080086a8                USBD_LL_PrepareReceive
 *fill*         0x080086ee        0x2 
 .text.USBD_static_malloc
                0x080086f0       0x18 ./USB_DEVICE/Target/usbd_conf.o
                0x080086f0                USBD_static_malloc
 .text.USBD_static_free
                0x08008708       0x12 ./USB_DEVICE/Target/usbd_conf.o
                0x08008708                USBD_static_free
 .text.HAL_PCDEx_SetConnectionState
                0x0800871a       0x16 ./USB_DEVICE/Target/usbd_conf.o
                0x0800871a                HAL_PCDEx_SetConnectionState
 .text.USBD_Get_USB_Status
                0x08008730       0x58 ./USB_DEVICE/Target/usbd_conf.o
 .text.memset   0x08008788       0x10 F:/Program/Unpack/STM32CubeIDE_1.15.0/STM32CubeIDE/plugins/com.st.stm32cube.ide.mcu.externaltools.gnu-tools-for-stm32.12.3.rel1.win32_1.0.100.202403111256/tools/bin/../lib/gcc/arm-none-eabi/12.3.1/../../../../arm-none-eabi/lib/thumb/v7-m/nofp\libc_nano.a(libc_a-memset.o)
                0x08008788                memset
 .text.__libc_init_array
                0x08008798       0x48 F:/Program/Unpack/STM32CubeIDE_1.15.0/STM32CubeIDE/plugins/com.st.stm32cube.ide.mcu.externaltools.gnu-tools-for-stm32.12.3.rel1.win32_1.0.100.202403111256/tools/bin/../lib/gcc/arm-none-eabi/12.3.1/../../../../arm-none-eabi/lib/thumb/v7-m/nofp\libc_nano.a(libc_a-init.o)
                0x08008798                __libc_init_array
 *(.glue_7)
 .glue_7        0x080087e0        0x0 linker stubs
 *(.glue_7t)
 .glue_7t       0x080087e0        0x0 linker stubs
 *(.eh_frame)
 .eh_frame      0x080087e0        0x0 F:/Program/Unpack/STM32CubeIDE_1.15.0/STM32CubeIDE/plugins/com.st.stm32cube.ide.mcu.externaltools.gnu-tools-for-stm32.12.3.rel1.win32_1.0.100.202403111256/tools/bin/../lib/gcc/arm-none-eabi/12.3.1/thumb/v7-m/nofp/crtbegin.o
 *(.init)
 .init          0x080087e0        0x4 F:/Program/Unpack/STM32CubeIDE_1.15.0/STM32CubeIDE/plugins/com.st.stm32cube.ide.mcu.externaltools.gnu-tools-for-stm32.12.3.rel1.win32_1.0.100.202403111256/tools/bin/../lib/gcc/arm-none-eabi/12.3.1/thumb/v7-m/nofp/crti.o
                0x080087e0                _init
 .init          0x080087e4        0x8 F:/Program/Unpack/STM32CubeIDE_1.15.0/STM32CubeIDE/plugins/com.st.stm32cube.ide.mcu.externaltools.gnu-tools-for-stm32.12.3.rel1.win32_1.0.100.202403111256/tools/bin/../lib/gcc/arm-none-eabi/12.3.1/thumb/v7-m/nofp/crtn.o
 *(.fini)
 .fini          0x080087ec        0x4 F:/Program/Unpack/STM32CubeIDE_1.15.0/STM32CubeIDE/plugins/com.st.stm32cube.ide.mcu.externaltools.gnu-tools-for-stm32.12.3.rel1.win32_1.0.100.202403111256/tools/bin/../lib/gcc/arm-none-eabi/12.3.1/thumb/v7-m/nofp/crti.o
                0x080087ec                _fini
 .fini          0x080087f0        0x8 F:/Program/Unpack/STM32CubeIDE_1.15.0/STM32CubeIDE/plugins/com.st.stm32cube.ide.mcu.externaltools.gnu-tools-for-stm32.12.3.rel1.win32_1.0.100.202403111256/tools/bin/../lib/gcc/arm-none-eabi/12.3.1/thumb/v7-m/nofp/crtn.o
                0x080087f8                        . = ALIGN (0x4)
                0x080087f8                        _etext = .

.vfp11_veneer   0x080087f8        0x0
 .vfp11_veneer  0x080087f8        0x0 linker stubs

.v4_bx          0x080087f8        0x0
 .v4_bx         0x080087f8        0x0 linker stubs

.iplt           0x080087f8        0x0
 .iplt          0x080087f8        0x0 F:/Program/Unpack/STM32CubeIDE_1.15.0/STM32CubeIDE/plugins/com.st.stm32cube.ide.mcu.externaltools.gnu-tools-for-stm32.12.3.rel1.win32_1.0.100.202403111256/tools/bin/../lib/gcc/arm-none-eabi/12.3.1/thumb/v7-m/nofp/crtbegin.o

.rodata         0x080087f8       0x78
                0x080087f8                        . = ALIGN (0x4)
 *(.rodata)
 .rodata        0x080087f8       0x4a ./USB_DEVICE/App/usbd_desc.o
 *(.rodata*)
 *fill*         0x08008842        0x2 
 .rodata.AHBPrescTable
                0x08008844       0x10 ./Core/Src/system_stm32f1xx.o
                0x08008844                AHBPrescTable
 .rodata.APBPrescTable
                0x08008854        0x8 ./Core/Src/system_stm32f1xx.o
                0x08008854                APBPrescTable
 .rodata.aPLLMULFactorTable.1
                0x0800885c       0x10 ./Drivers/STM32F1xx_HAL_Driver/Src/stm32f1xx_hal_rcc.o
 .rodata.aPredivFactorTable.0
                0x0800886c        0x2 ./Drivers/STM32F1xx_HAL_Driver/Src/stm32f1xx_hal_rcc.o
                0x08008870                        . = ALIGN (0x4)
 *fill*         0x0800886e        0x2 

.ARM.extab      0x08008870        0x0
                0x08008870                        . = ALIGN (0x4)
 *(.ARM.extab* .gnu.linkonce.armextab.*)
                0x08008870                        . = ALIGN (0x4)

.ARM            0x08008870        0x0
                0x08008870                        . = ALIGN (0x4)
                0x08008870                        __exidx_start = .
 *(.ARM.exidx*)
                0x08008870                        __exidx_end = .
                0x08008870                        . = ALIGN (0x4)

.preinit_array  0x08008870        0x0
                0x08008870                        . = ALIGN (0x4)
                0x08008870                        PROVIDE (__preinit_array_start = .)
 *(.preinit_array*)
                0x08008870                        PROVIDE (__preinit_array_end = .)
                0x08008870                        . = ALIGN (0x4)

.init_array     0x08008870        0x4
                0x08008870                        . = ALIGN (0x4)
                0x08008870                        PROVIDE (__init_array_start = .)
 *(SORT_BY_NAME(.init_array.*))
 *(.init_array*)
 .init_array    0x08008870        0x4 F:/Program/Unpack/STM32CubeIDE_1.15.0/STM32CubeIDE/plugins/com.st.stm32cube.ide.mcu.externaltools.gnu-tools-for-stm32.12.3.rel1.win32_1.0.100.202403111256/tools/bin/../lib/gcc/arm-none-eabi/12.3.1/thumb/v7-m/nofp/crtbegin.o
                0x08008874                        PROVIDE (__init_array_end = .)
                0x08008874                        . = ALIGN (0x4)

.fini_array     0x08008874        0x4
                0x08008874                        . = ALIGN (0x4)
                [!provide]                        PROVIDE (__fini_array_start = .)
 *(SORT_BY_NAME(.fini_array.*))
 *(.fini_array*)
 .fini_array    0x08008874        0x4 F:/Program/Unpack/STM32CubeIDE_1.15.0/STM32CubeIDE/plugins/com.st.stm32cube.ide.mcu.externaltools.gnu-tools-for-stm32.12.3.rel1.win32_1.0.100.202403111256/tools/bin/../lib/gcc/arm-none-eabi/12.3.1/thumb/v7-m/nofp/crtbegin.o
                [!provide]                        PROVIDE (__fini_array_end = .)
                0x08008878                        . = ALIGN (0x4)
                0x08008878                        _sidata = LOADADDR (.data)

.rel.dyn        0x08008878        0x0
 .rel.iplt      0x08008878        0x0 F:/Program/Unpack/STM32CubeIDE_1.15.0/STM32CubeIDE/plugins/com.st.stm32cube.ide.mcu.externaltools.gnu-tools-for-stm32.12.3.rel1.win32_1.0.100.202403111256/tools/bin/../lib/gcc/arm-none-eabi/12.3.1/thumb/v7-m/nofp/crtbegin.o

.data           0x20000000      0x158 load address 0x08008878
                0x20000000                        . = ALIGN (0x4)
                0x20000000                        _sdata = .
 *(.data)
 *(.data*)
 .data.SystemCoreClock
                0x20000000        0x4 ./Core/Src/system_stm32f1xx.o
                0x20000000                SystemCoreClock
 .data.uwTickPrio
                0x20000004        0x4 ./Drivers/STM32F1xx_HAL_Driver/Src/stm32f1xx_hal.o
                0x20000004                uwTickPrio
 .data.uwTickFreq
                0x20000008        0x1 ./Drivers/STM32F1xx_HAL_Driver/Src/stm32f1xx_hal.o
                0x20000008                uwTickFreq
 *fill*         0x20000009        0x3 
 .data.USBD_HID
                0x2000000c       0x38 ./Middlewares/ST/STM32_USB_Device_Library/Class/HID/Src/usbd_hid.o
                0x2000000c                USBD_HID
 .data.USBD_HID_CfgFSDesc
                0x20000044       0x22 ./Middlewares/ST/STM32_USB_Device_Library/Class/HID/Src/usbd_hid.o
 *fill*         0x20000066        0x2 
 .data.USBD_HID_CfgHSDesc
                0x20000068       0x22 ./Middlewares/ST/STM32_USB_Device_Library/Class/HID/Src/usbd_hid.o
 *fill*         0x2000008a        0x2 
 .data.USBD_HID_OtherSpeedCfgDesc
                0x2000008c       0x22 ./Middlewares/ST/STM32_USB_Device_Library/Class/HID/Src/usbd_hid.o
 *fill*         0x200000ae        0x2 
 .data.USBD_HID_Desc
                0x200000b0        0x9 ./Middlewares/ST/STM32_USB_Device_Library/Class/HID/Src/usbd_hid.o
 *fill*         0x200000b9        0x3 
 .data.USBD_HID_DeviceQualifierDesc
                0x200000bc        0xa ./Middlewares/ST/STM32_USB_Device_Library/Class/HID/Src/usbd_hid.o
 *fill*         0x200000c6        0x2 
 .data.HID_MOUSE_ReportDesc
                0x200000c8       0x3f ./Middlewares/ST/STM32_USB_Device_Library/Class/HID/Src/usbd_hid.o
 *fill*         0x20000107        0x1 
 .data.FS_Desc  0x20000108       0x1c ./USB_DEVICE/App/usbd_desc.o
                0x20000108                FS_Desc
 .data.USBD_FS_DeviceDesc
                0x20000124       0x12 ./USB_DEVICE/App/usbd_desc.o
                0x20000124                USBD_FS_DeviceDesc
 *fill*         0x20000136        0x2 
 .data.USBD_LangIDDesc
                0x20000138        0x4 ./USB_DEVICE/App/usbd_desc.o
                0x20000138                USBD_LangIDDesc
 .data.USBD_StringSerial
                0x2000013c       0x1a ./USB_DEVICE/App/usbd_desc.o
                0x2000013c                USBD_StringSerial
 *(.RamFunc)
 *(.RamFunc*)
                0x20000158                        . = ALIGN (0x4)
 *fill*         0x20000156        0x2 
                0x20000158                        _edata = .

.igot.plt       0x20000158        0x0 load address 0x080089d0
 .igot.plt      0x20000158        0x0 F:/Program/Unpack/STM32CubeIDE_1.15.0/STM32CubeIDE/plugins/com.st.stm32cube.ide.mcu.externaltools.gnu-tools-for-stm32.12.3.rel1.win32_1.0.100.202403111256/tools/bin/../lib/gcc/arm-none-eabi/12.3.1/thumb/v7-m/nofp/crtbegin.o
                0x20000158                        . = ALIGN (0x4)

.bss            0x20000158      0x888 load address 0x080089d0
                0x20000158                        _sbss = .
                0x20000158                        __bss_start__ = _sbss
 *(.bss)
 .bss           0x20000158       0x1c F:/Program/Unpack/STM32CubeIDE_1.15.0/STM32CubeIDE/plugins/com.st.stm32cube.ide.mcu.externaltools.gnu-tools-for-stm32.12.3.rel1.win32_1.0.100.202403111256/tools/bin/../lib/gcc/arm-none-eabi/12.3.1/thumb/v7-m/nofp/crtbegin.o
 *(.bss*)
 .bss.htim2     0x20000174       0x48 ./Core/Src/main.o
                0x20000174                htim2
 .bss.huart1    0x200001bc       0x48 ./Core/Src/main.o
                0x200001bc                huart1
 .bss.HID_Buffer
                0x20000204        0x8 ./Core/Src/main.o
                0x20000204                HID_Buffer
 .bss.counter.0
                0x2000020c        0x4 ./Core/Src/main.o
 .bss.uwTick    0x20000210        0x4 ./Drivers/STM32F1xx_HAL_Driver/Src/stm32f1xx_hal.o
                0x20000210                uwTick
 .bss.cfgidx.0  0x20000214        0x1 ./Middlewares/ST/STM32_USB_Device_Library/Core/Src/usbd_ctlreq.o
 *fill*         0x20000215        0x3 
 .bss.hUsbDeviceFS
                0x20000218      0x2c4 ./USB_DEVICE/App/usb_device.o
                0x20000218                hUsbDeviceFS
 .bss.USBD_StrDesc
                0x200004dc      0x200 ./USB_DEVICE/App/usbd_desc.o
                0x200004dc                USBD_StrDesc
 .bss.hpcd_USB_FS
                0x200006dc      0x2f0 ./USB_DEVICE/Target/usbd_conf.o
                0x200006dc                hpcd_USB_FS
 .bss.mem.0     0x200009cc       0x14 ./USB_DEVICE/Target/usbd_conf.o
 *(COMMON)
                0x200009e0                        . = ALIGN (0x4)
                0x200009e0                        _ebss = .
                0x200009e0                        __bss_end__ = _ebss

._user_heap_stack
                0x200009e0      0x600 load address 0x080089d0
                0x200009e0                        . = ALIGN (0x8)
                [!provide]                        PROVIDE (end = .)
                0x200009e0                        PROVIDE (_end = .)
                0x20000be0                        . = (. + _Min_Heap_Size)
 *fill*         0x200009e0      0x200 
                0x20000fe0                        . = (. + _Min_Stack_Size)
 *fill*         0x20000be0      0x400 
                0x20000fe0                        . = ALIGN (0x8)

/DISCARD/
 libc.a(*)
 libm.a(*)
 libgcc.a(*)

.ARM.attributes
                0x00000000       0x29
 *(.ARM.attributes)
 .ARM.attributes
                0x00000000       0x1d F:/Program/Unpack/STM32CubeIDE_1.15.0/STM32CubeIDE/plugins/com.st.stm32cube.ide.mcu.externaltools.gnu-tools-for-stm32.12.3.rel1.win32_1.0.100.202403111256/tools/bin/../lib/gcc/arm-none-eabi/12.3.1/thumb/v7-m/nofp/crti.o
 .ARM.attributes
                0x0000001d       0x2d F:/Program/Unpack/STM32CubeIDE_1.15.0/STM32CubeIDE/plugins/com.st.stm32cube.ide.mcu.externaltools.gnu-tools-for-stm32.12.3.rel1.win32_1.0.100.202403111256/tools/bin/../lib/gcc/arm-none-eabi/12.3.1/thumb/v7-m/nofp/crtbegin.o
 .ARM.attributes
                0x0000004a       0x2d ./Core/Src/main.o
 .ARM.attributes
                0x00000077       0x2d ./Core/Src/stm32f1xx_hal_msp.o
 .ARM.attributes
                0x000000a4       0x2d ./Core/Src/stm32f1xx_it.o
 .ARM.attributes
                0x000000d1       0x2d ./Core/Src/system_stm32f1xx.o
 .ARM.attributes
                0x000000fe       0x21 ./Core/Startup/startup_stm32f103c8tx.o
 .ARM.attributes
                0x0000011f       0x2d ./Drivers/STM32F1xx_HAL_Driver/Src/stm32f1xx_hal.o
 .ARM.attributes
                0x0000014c       0x2d ./Drivers/STM32F1xx_HAL_Driver/Src/stm32f1xx_hal_cortex.o
 .ARM.attributes
                0x00000179       0x2d ./Drivers/STM32F1xx_HAL_Driver/Src/stm32f1xx_hal_dma.o
 .ARM.attributes
                0x000001a6       0x2d ./Drivers/STM32F1xx_HAL_Driver/Src/stm32f1xx_hal_gpio.o
 .ARM.attributes
                0x000001d3       0x2d ./Drivers/STM32F1xx_HAL_Driver/Src/stm32f1xx_hal_pcd.o
 .ARM.attributes
                0x00000200       0x2d ./Drivers/STM32F1xx_HAL_Driver/Src/stm32f1xx_hal_pcd_ex.o
 .ARM.attributes
                0x0000022d       0x2d ./Drivers/STM32F1xx_HAL_Driver/Src/stm32f1xx_hal_rcc.o
 .ARM.attributes
                0x0000025a       0x2d ./Drivers/STM32F1xx_HAL_Driver/Src/stm32f1xx_hal_rcc_ex.o
 .ARM.attributes
                0x00000287       0x2d ./Drivers/STM32F1xx_HAL_Driver/Src/stm32f1xx_hal_tim.o
 .ARM.attributes
                0x000002b4       0x2d ./Drivers/STM32F1xx_HAL_Driver/Src/stm32f1xx_hal_tim_ex.o
 .ARM.attributes
                0x000002e1       0x2d ./Drivers/STM32F1xx_HAL_Driver/Src/stm32f1xx_hal_uart.o
 .ARM.attributes
                0x0000030e       0x2d ./Drivers/STM32F1xx_HAL_Driver/Src/stm32f1xx_ll_usb.o
 .ARM.attributes
                0x0000033b       0x2d ./Middlewares/ST/STM32_USB_Device_Library/Class/HID/Src/usbd_hid.o
 .ARM.attributes
                0x00000368       0x2d ./Middlewares/ST/STM32_USB_Device_Library/Core/Src/usbd_core.o
 .ARM.attributes
                0x00000395       0x2d ./Middlewares/ST/STM32_USB_Device_Library/Core/Src/usbd_ctlreq.o
 .ARM.attributes
                0x000003c2       0x2d ./Middlewares/ST/STM32_USB_Device_Library/Core/Src/usbd_ioreq.o
 .ARM.attributes
                0x000003ef       0x2d ./USB_DEVICE/App/usb_device.o
 .ARM.attributes
                0x0000041c       0x2d ./USB_DEVICE/App/usbd_desc.o
 .ARM.attributes
                0x00000449       0x2d ./USB_DEVICE/Target/usbd_conf.o
 .ARM.attributes
                0x00000476       0x2d F:/Program/Unpack/STM32CubeIDE_1.15.0/STM32CubeIDE/plugins/com.st.stm32cube.ide.mcu.externaltools.gnu-tools-for-stm32.12.3.rel1.win32_1.0.100.202403111256/tools/bin/../lib/gcc/arm-none-eabi/12.3.1/../../../../arm-none-eabi/lib/thumb/v7-m/nofp\libc_nano.a(libc_a-memset.o)
 .ARM.attributes
                0x000004a3       0x2d F:/Program/Unpack/STM32CubeIDE_1.15.0/STM32CubeIDE/plugins/com.st.stm32cube.ide.mcu.externaltools.gnu-tools-for-stm32.12.3.rel1.win32_1.0.100.202403111256/tools/bin/../lib/gcc/arm-none-eabi/12.3.1/../../../../arm-none-eabi/lib/thumb/v7-m/nofp\libc_nano.a(libc_a-init.o)
 .ARM.attributes
                0x000004d0       0x1d F:/Program/Unpack/STM32CubeIDE_1.15.0/STM32CubeIDE/plugins/com.st.stm32cube.ide.mcu.externaltools.gnu-tools-for-stm32.12.3.rel1.win32_1.0.100.202403111256/tools/bin/../lib/gcc/arm-none-eabi/12.3.1/thumb/v7-m/nofp/crtn.o
OUTPUT(f103_keyboard.elf elf32-littlearm)
LOAD linker stubs
LOAD F:/Program/Unpack/STM32CubeIDE_1.15.0/STM32CubeIDE/plugins/com.st.stm32cube.ide.mcu.externaltools.gnu-tools-for-stm32.12.3.rel1.win32_1.0.100.202403111256/tools/bin/../lib/gcc/arm-none-eabi/12.3.1/../../../../arm-none-eabi/lib/thumb/v7-m/nofp\libc.a
LOAD F:/Program/Unpack/STM32CubeIDE_1.15.0/STM32CubeIDE/plugins/com.st.stm32cube.ide.mcu.externaltools.gnu-tools-for-stm32.12.3.rel1.win32_1.0.100.202403111256/tools/bin/../lib/gcc/arm-none-eabi/12.3.1/../../../../arm-none-eabi/lib/thumb/v7-m/nofp\libm.a
LOAD F:/Program/Unpack/STM32CubeIDE_1.15.0/STM32CubeIDE/plugins/com.st.stm32cube.ide.mcu.externaltools.gnu-tools-for-stm32.12.3.rel1.win32_1.0.100.202403111256/tools/bin/../lib/gcc/arm-none-eabi/12.3.1/thumb/v7-m/nofp\libgcc.a

.debug_info     0x00000000    0x141ee
 .debug_info    0x00000000     0x134b ./Core/Src/main.o
 .debug_info    0x0000134b      0xd2d ./Core/Src/stm32f1xx_hal_msp.o
 .debug_info    0x00002078      0xde2 ./Core/Src/stm32f1xx_it.o
 .debug_info    0x00002e5a      0x222 ./Core/Src/system_stm32f1xx.o
 .debug_info    0x0000307c       0x30 ./Core/Startup/startup_stm32f103c8tx.o
 .debug_info    0x000030ac      0x704 ./Drivers/STM32F1xx_HAL_Driver/Src/stm32f1xx_hal.o
 .debug_info    0x000037b0      0xa87 ./Drivers/STM32F1xx_HAL_Driver/Src/stm32f1xx_hal_cortex.o
 .debug_info    0x00004237      0x6d2 ./Drivers/STM32F1xx_HAL_Driver/Src/stm32f1xx_hal_dma.o
 .debug_info    0x00004909      0x5ab ./Drivers/STM32F1xx_HAL_Driver/Src/stm32f1xx_hal_gpio.o
 .debug_info    0x00004eb4     0x16cf ./Drivers/STM32F1xx_HAL_Driver/Src/stm32f1xx_hal_pcd.o
 .debug_info    0x00006583      0x6b6 ./Drivers/STM32F1xx_HAL_Driver/Src/stm32f1xx_hal_pcd_ex.o
 .debug_info    0x00006c39      0x7d5 ./Drivers/STM32F1xx_HAL_Driver/Src/stm32f1xx_hal_rcc.o
 .debug_info    0x0000740e      0x3c0 ./Drivers/STM32F1xx_HAL_Driver/Src/stm32f1xx_hal_rcc_ex.o
 .debug_info    0x000077ce     0x293b ./Drivers/STM32F1xx_HAL_Driver/Src/stm32f1xx_hal_tim.o
 .debug_info    0x0000a109     0x149b ./Drivers/STM32F1xx_HAL_Driver/Src/stm32f1xx_hal_tim_ex.o
 .debug_info    0x0000b5a4     0x2fa8 ./Drivers/STM32F1xx_HAL_Driver/Src/stm32f1xx_hal_uart.o
 .debug_info    0x0000e54c     0x17a2 ./Drivers/STM32F1xx_HAL_Driver/Src/stm32f1xx_ll_usb.o
 .debug_info    0x0000fcee      0x927 ./Middlewares/ST/STM32_USB_Device_Library/Class/HID/Src/usbd_hid.o
 .debug_info    0x00010615      0xa52 ./Middlewares/ST/STM32_USB_Device_Library/Core/Src/usbd_core.o
 .debug_info    0x00011067      0x91c ./Middlewares/ST/STM32_USB_Device_Library/Core/Src/usbd_ctlreq.o
 .debug_info    0x00011983      0x6a0 ./Middlewares/ST/STM32_USB_Device_Library/Core/Src/usbd_ioreq.o
 .debug_info    0x00012023      0x53a ./USB_DEVICE/App/usb_device.o
 .debug_info    0x0001255d      0x44a ./USB_DEVICE/App/usbd_desc.o
 .debug_info    0x000129a7     0x1847 ./USB_DEVICE/Target/usbd_conf.o

.debug_abbrev   0x00000000     0x3301
 .debug_abbrev  0x00000000      0x36e ./Core/Src/main.o
 .debug_abbrev  0x0000036e      0x1dd ./Core/Src/stm32f1xx_hal_msp.o
 .debug_abbrev  0x0000054b      0x1cd ./Core/Src/stm32f1xx_it.o
 .debug_abbrev  0x00000718      0x13f ./Core/Src/system_stm32f1xx.o
 .debug_abbrev  0x00000857       0x24 ./Core/Startup/startup_stm32f103c8tx.o
 .debug_abbrev  0x0000087b      0x201 ./Drivers/STM32F1xx_HAL_Driver/Src/stm32f1xx_hal.o
 .debug_abbrev  0x00000a7c      0x2f8 ./Drivers/STM32F1xx_HAL_Driver/Src/stm32f1xx_hal_cortex.o
 .debug_abbrev  0x00000d74      0x20b ./Drivers/STM32F1xx_HAL_Driver/Src/stm32f1xx_hal_dma.o
 .debug_abbrev  0x00000f7f      0x1ca ./Drivers/STM32F1xx_HAL_Driver/Src/stm32f1xx_hal_gpio.o
 .debug_abbrev  0x00001149      0x2d6 ./Drivers/STM32F1xx_HAL_Driver/Src/stm32f1xx_hal_pcd.o
 .debug_abbrev  0x0000141f      0x189 ./Drivers/STM32F1xx_HAL_Driver/Src/stm32f1xx_hal_pcd_ex.o
 .debug_abbrev  0x000015a8      0x2b3 ./Drivers/STM32F1xx_HAL_Driver/Src/stm32f1xx_hal_rcc.o
 .debug_abbrev  0x0000185b      0x188 ./Drivers/STM32F1xx_HAL_Driver/Src/stm32f1xx_hal_rcc_ex.o
 .debug_abbrev  0x000019e3      0x277 ./Drivers/STM32F1xx_HAL_Driver/Src/stm32f1xx_hal_tim.o
 .debug_abbrev  0x00001c5a      0x282 ./Drivers/STM32F1xx_HAL_Driver/Src/stm32f1xx_hal_tim_ex.o
 .debug_abbrev  0x00001edc      0x2f8 ./Drivers/STM32F1xx_HAL_Driver/Src/stm32f1xx_hal_uart.o
 .debug_abbrev  0x000021d4      0x1de ./Drivers/STM32F1xx_HAL_Driver/Src/stm32f1xx_ll_usb.o
 .debug_abbrev  0x000023b2      0x26b ./Middlewares/ST/STM32_USB_Device_Library/Class/HID/Src/usbd_hid.o
 .debug_abbrev  0x0000261d      0x24a ./Middlewares/ST/STM32_USB_Device_Library/Core/Src/usbd_core.o
 .debug_abbrev  0x00002867      0x26b ./Middlewares/ST/STM32_USB_Device_Library/Core/Src/usbd_ctlreq.o
 .debug_abbrev  0x00002ad2      0x192 ./Middlewares/ST/STM32_USB_Device_Library/Core/Src/usbd_ioreq.o
 .debug_abbrev  0x00002c64      0x188 ./USB_DEVICE/App/usb_device.o
 .debug_abbrev  0x00002dec      0x1ff ./USB_DEVICE/App/usbd_desc.o
 .debug_abbrev  0x00002feb      0x316 ./USB_DEVICE/Target/usbd_conf.o

.debug_aranges  0x00000000     0x1218
 .debug_aranges
                0x00000000       0x58 ./Core/Src/main.o
 .debug_aranges
                0x00000058       0x40 ./Core/Src/stm32f1xx_hal_msp.o
 .debug_aranges
                0x00000098       0x78 ./Core/Src/stm32f1xx_it.o
 .debug_aranges
                0x00000110       0x28 ./Core/Src/system_stm32f1xx.o
 .debug_aranges
                0x00000138       0x28 ./Core/Startup/startup_stm32f103c8tx.o
 .debug_aranges
                0x00000160       0xe0 ./Drivers/STM32F1xx_HAL_Driver/Src/stm32f1xx_hal.o
 .debug_aranges
                0x00000240      0x100 ./Drivers/STM32F1xx_HAL_Driver/Src/stm32f1xx_hal_cortex.o
 .debug_aranges
                0x00000340       0x80 ./Drivers/STM32F1xx_HAL_Driver/Src/stm32f1xx_hal_dma.o
 .debug_aranges
                0x000003c0       0x58 ./Drivers/STM32F1xx_HAL_Driver/Src/stm32f1xx_hal_gpio.o
 .debug_aranges
                0x00000418      0x140 ./Drivers/STM32F1xx_HAL_Driver/Src/stm32f1xx_hal_pcd.o
 .debug_aranges
                0x00000558       0x38 ./Drivers/STM32F1xx_HAL_Driver/Src/stm32f1xx_hal_pcd_ex.o
 .debug_aranges
                0x00000590       0x90 ./Drivers/STM32F1xx_HAL_Driver/Src/stm32f1xx_hal_rcc.o
 .debug_aranges
                0x00000620       0x30 ./Drivers/STM32F1xx_HAL_Driver/Src/stm32f1xx_hal_rcc_ex.o
 .debug_aranges
                0x00000650      0x3d0 ./Drivers/STM32F1xx_HAL_Driver/Src/stm32f1xx_hal_tim.o
 .debug_aranges
                0x00000a20      0x168 ./Drivers/STM32F1xx_HAL_Driver/Src/stm32f1xx_hal_tim_ex.o
 .debug_aranges
                0x00000b88      0x208 ./Drivers/STM32F1xx_HAL_Driver/Src/stm32f1xx_hal_uart.o
 .debug_aranges
                0x00000d90       0xf8 ./Drivers/STM32F1xx_HAL_Driver/Src/stm32f1xx_ll_usb.o
 .debug_aranges
                0x00000e88       0x68 ./Middlewares/ST/STM32_USB_Device_Library/Class/HID/Src/usbd_hid.o
 .debug_aranges
                0x00000ef0       0xb8 ./Middlewares/ST/STM32_USB_Device_Library/Core/Src/usbd_core.o
 .debug_aranges
                0x00000fa8       0x88 ./Middlewares/ST/STM32_USB_Device_Library/Core/Src/usbd_ctlreq.o
 .debug_aranges
                0x00001030       0x50 ./Middlewares/ST/STM32_USB_Device_Library/Core/Src/usbd_ioreq.o
 .debug_aranges
                0x00001080       0x20 ./USB_DEVICE/App/usb_device.o
 .debug_aranges
                0x000010a0       0x60 ./USB_DEVICE/App/usbd_desc.o
 .debug_aranges
                0x00001100      0x118 ./USB_DEVICE/Target/usbd_conf.o

.debug_rnglists
                0x00000000      0xde9
 .debug_rnglists
                0x00000000       0x3f ./Core/Src/main.o
 .debug_rnglists
                0x0000003f       0x2c ./Core/Src/stm32f1xx_hal_msp.o
 .debug_rnglists
                0x0000006b       0x55 ./Core/Src/stm32f1xx_it.o
 .debug_rnglists
                0x000000c0       0x1a ./Core/Src/system_stm32f1xx.o
 .debug_rnglists
                0x000000da       0x19 ./Core/Startup/startup_stm32f103c8tx.o
 .debug_rnglists
                0x000000f3       0xa3 ./Drivers/STM32F1xx_HAL_Driver/Src/stm32f1xx_hal.o
 .debug_rnglists
                0x00000196       0xbb ./Drivers/STM32F1xx_HAL_Driver/Src/stm32f1xx_hal_cortex.o
 .debug_rnglists
                0x00000251       0x64 ./Drivers/STM32F1xx_HAL_Driver/Src/stm32f1xx_hal_dma.o
 .debug_rnglists
                0x000002b5       0x3f ./Drivers/STM32F1xx_HAL_Driver/Src/stm32f1xx_hal_gpio.o
 .debug_rnglists
                0x000002f4       0xf4 ./Drivers/STM32F1xx_HAL_Driver/Src/stm32f1xx_hal_pcd.o
 .debug_rnglists
                0x000003e8       0x26 ./Drivers/STM32F1xx_HAL_Driver/Src/stm32f1xx_hal_pcd_ex.o
 .debug_rnglists
                0x0000040e       0x6c ./Drivers/STM32F1xx_HAL_Driver/Src/stm32f1xx_hal_rcc.o
 .debug_rnglists
                0x0000047a       0x21 ./Drivers/STM32F1xx_HAL_Driver/Src/stm32f1xx_hal_rcc_ex.o
 .debug_rnglists
                0x0000049b      0x31a ./Drivers/STM32F1xx_HAL_Driver/Src/stm32f1xx_hal_tim.o
 .debug_rnglists
                0x000007b5      0x125 ./Drivers/STM32F1xx_HAL_Driver/Src/stm32f1xx_hal_tim_ex.o
 .debug_rnglists
                0x000008da      0x1bc ./Drivers/STM32F1xx_HAL_Driver/Src/stm32f1xx_hal_uart.o
 .debug_rnglists
                0x00000a96       0xbd ./Drivers/STM32F1xx_HAL_Driver/Src/stm32f1xx_ll_usb.o
 .debug_rnglists
                0x00000b53       0x4a ./Middlewares/ST/STM32_USB_Device_Library/Class/HID/Src/usbd_hid.o
 .debug_rnglists
                0x00000b9d       0x89 ./Middlewares/ST/STM32_USB_Device_Library/Core/Src/usbd_core.o
 .debug_rnglists
                0x00000c26       0x68 ./Middlewares/ST/STM32_USB_Device_Library/Core/Src/usbd_ctlreq.o
 .debug_rnglists
                0x00000c8e       0x37 ./Middlewares/ST/STM32_USB_Device_Library/Core/Src/usbd_ioreq.o
 .debug_rnglists
                0x00000cc5       0x13 ./USB_DEVICE/App/usb_device.o
 .debug_rnglists
                0x00000cd8       0x43 ./USB_DEVICE/App/usbd_desc.o
 .debug_rnglists
                0x00000d1b       0xce ./USB_DEVICE/Target/usbd_conf.o

.debug_macro    0x00000000    0x1a1b9
 .debug_macro   0x00000000      0x340 ./Core/Src/main.o
 .debug_macro   0x00000340      0xaa8 ./Core/Src/main.o
 .debug_macro   0x00000de8      0x221 ./Core/Src/main.o
 .debug_macro   0x00001009       0x2e ./Core/Src/main.o
 .debug_macro   0x00001037       0x22 ./Core/Src/main.o
 .debug_macro   0x00001059       0x22 ./Core/Src/main.o
 .debug_macro   0x0000107b       0x8e ./Core/Src/main.o
 .debug_macro   0x00001109       0x51 ./Core/Src/main.o
 .debug_macro   0x0000115a      0x103 ./Core/Src/main.o
 .debug_macro   0x0000125d       0x6a ./Core/Src/main.o
 .debug_macro   0x000012c7      0x1df ./Core/Src/main.o
 .debug_macro   0x000014a6       0x1c ./Core/Src/main.o
 .debug_macro   0x000014c2       0x22 ./Core/Src/main.o
 .debug_macro   0x000014e4       0xbd ./Core/Src/main.o
 .debug_macro   0x000015a1      0xd23 ./Core/Src/main.o
 .debug_macro   0x000022c4     0xe09e ./Core/Src/main.o
 .debug_macro   0x00010362       0x6d ./Core/Src/main.o
 .debug_macro   0x000103cf     0x348d ./Core/Src/main.o
 .debug_macro   0x0001385c      0x189 ./Core/Src/main.o
 .debug_macro   0x000139e5       0x5c ./Core/Src/main.o
 .debug_macro   0x00013a41      0x5bc ./Core/Src/main.o
 .debug_macro   0x00013ffd      0x289 ./Core/Src/main.o
 .debug_macro   0x00014286      0x1cb ./Core/Src/main.o
 .debug_macro   0x00014451      0x114 ./Core/Src/main.o
 .debug_macro   0x00014565      0x1b2 ./Core/Src/main.o
 .debug_macro   0x00014717       0x27 ./Core/Src/main.o
 .debug_macro   0x0001473e      0x136 ./Core/Src/main.o
 .debug_macro   0x00014874      0x1bc ./Core/Src/main.o
 .debug_macro   0x00014a30       0x34 ./Core/Src/main.o
 .debug_macro   0x00014a64       0x3c ./Core/Src/main.o
 .debug_macro   0x00014aa0       0x57 ./Core/Src/main.o
 .debug_macro   0x00014af7       0x87 ./Core/Src/main.o
 .debug_macro   0x00014b7e      0x240 ./Core/Src/main.o
 .debug_macro   0x00014dbe      0x140 ./Core/Src/main.o
 .debug_macro   0x00014efe      0x8ed ./Core/Src/main.o
 .debug_macro   0x000157eb      0x28e ./Core/Src/main.o
 .debug_macro   0x00015a79       0xab ./Core/Src/main.o
 .debug_macro   0x00015b24      0x242 ./Core/Src/main.o
 .debug_macro   0x00015d66       0x83 ./Core/Src/main.o
 .debug_macro   0x00015de9       0x10 ./Core/Src/main.o
 .debug_macro   0x00015df9       0x61 ./Core/Src/main.o
 .debug_macro   0x00015e5a       0x24 ./Core/Src/main.o
 .debug_macro   0x00015e7e       0x43 ./Core/Src/main.o
 .debug_macro   0x00015ec1       0x34 ./Core/Src/main.o
 .debug_macro   0x00015ef5       0x16 ./Core/Src/main.o
 .debug_macro   0x00015f0b       0x35 ./Core/Src/main.o
 .debug_macro   0x00015f40      0x369 ./Core/Src/main.o
 .debug_macro   0x000162a9       0x10 ./Core/Src/main.o
 .debug_macro   0x000162b9       0x16 ./Core/Src/main.o
 .debug_macro   0x000162cf       0x43 ./Core/Src/main.o
 .debug_macro   0x00016312       0x34 ./Core/Src/main.o
 .debug_macro   0x00016346       0x10 ./Core/Src/main.o
 .debug_macro   0x00016356       0x58 ./Core/Src/main.o
 .debug_macro   0x000163ae       0x8e ./Core/Src/main.o
 .debug_macro   0x0001643c       0x1c ./Core/Src/main.o
 .debug_macro   0x00016458      0x177 ./Core/Src/main.o
 .debug_macro   0x000165cf       0x16 ./Core/Src/main.o
 .debug_macro   0x000165e5       0x16 ./Core/Src/main.o
 .debug_macro   0x000165fb      0x146 ./Core/Src/main.o
 .debug_macro   0x00016741       0x16 ./Core/Src/main.o
 .debug_macro   0x00016757       0x16 ./Core/Src/main.o
 .debug_macro   0x0001676d       0x29 ./Core/Src/main.o
 .debug_macro   0x00016796       0x16 ./Core/Src/main.o
 .debug_macro   0x000167ac       0x20 ./Core/Src/main.o
 .debug_macro   0x000167cc       0x5f ./Core/Src/main.o
 .debug_macro   0x0001682b      0x1c8 ./Core/Src/main.o
 .debug_macro   0x000169f3      0x1d6 ./Core/Src/stm32f1xx_hal_msp.o
 .debug_macro   0x00016bc9      0x1e0 ./Core/Src/stm32f1xx_it.o
 .debug_macro   0x00016da9      0x1c7 ./Core/Src/system_stm32f1xx.o
 .debug_macro   0x00016f70      0x1eb ./Drivers/STM32F1xx_HAL_Driver/Src/stm32f1xx_hal.o
 .debug_macro   0x0001715b      0x1c7 ./Drivers/STM32F1xx_HAL_Driver/Src/stm32f1xx_hal_cortex.o
 .debug_macro   0x00017322      0x1c7 ./Drivers/STM32F1xx_HAL_Driver/Src/stm32f1xx_hal_dma.o
 .debug_macro   0x000174e9      0x232 ./Drivers/STM32F1xx_HAL_Driver/Src/stm32f1xx_hal_gpio.o
 .debug_macro   0x0001771b      0x1d3 ./Drivers/STM32F1xx_HAL_Driver/Src/stm32f1xx_hal_pcd.o
 .debug_macro   0x000178ee      0x1c7 ./Drivers/STM32F1xx_HAL_Driver/Src/stm32f1xx_hal_pcd_ex.o
 .debug_macro   0x00017ab5      0x1d9 ./Drivers/STM32F1xx_HAL_Driver/Src/stm32f1xx_hal_rcc.o
 .debug_macro   0x00017c8e      0x1c7 ./Drivers/STM32F1xx_HAL_Driver/Src/stm32f1xx_hal_rcc_ex.o
 .debug_macro   0x00017e55      0x1c8 ./Drivers/STM32F1xx_HAL_Driver/Src/stm32f1xx_hal_tim.o
 .debug_macro   0x0001801d      0x1c7 ./Drivers/STM32F1xx_HAL_Driver/Src/stm32f1xx_hal_tim_ex.o
 .debug_macro   0x000181e4      0x1c8 ./Drivers/STM32F1xx_HAL_Driver/Src/stm32f1xx_hal_uart.o
 .debug_macro   0x000183ac      0x1c7 ./Drivers/STM32F1xx_HAL_Driver/Src/stm32f1xx_ll_usb.o
 .debug_macro   0x00018573      0x365 ./Middlewares/ST/STM32_USB_Device_Library/Class/HID/Src/usbd_hid.o
 .debug_macro   0x000188d8       0x9e ./Middlewares/ST/STM32_USB_Device_Library/Class/HID/Src/usbd_hid.o
 .debug_macro   0x00018976      0x10b ./Middlewares/ST/STM32_USB_Device_Library/Class/HID/Src/usbd_hid.o
 .debug_macro   0x00018a81       0x56 ./Middlewares/ST/STM32_USB_Device_Library/Class/HID/Src/usbd_hid.o
 .debug_macro   0x00018ad7       0x5e ./Middlewares/ST/STM32_USB_Device_Library/Class/HID/Src/usbd_hid.o
 .debug_macro   0x00018b35      0x34c ./Middlewares/ST/STM32_USB_Device_Library/Core/Src/usbd_core.o
 .debug_macro   0x00018e81      0x1ce ./Middlewares/ST/STM32_USB_Device_Library/Core/Src/usbd_core.o
 .debug_macro   0x0001904f      0x356 ./Middlewares/ST/STM32_USB_Device_Library/Core/Src/usbd_ctlreq.o
 .debug_macro   0x000193a5      0x352 ./Middlewares/ST/STM32_USB_Device_Library/Core/Src/usbd_ioreq.o
 .debug_macro   0x000196f7      0x37c ./USB_DEVICE/App/usb_device.o
 .debug_macro   0x00019a73       0x16 ./USB_DEVICE/App/usb_device.o
 .debug_macro   0x00019a89       0x22 ./USB_DEVICE/App/usb_device.o
 .debug_macro   0x00019aab      0x389 ./USB_DEVICE/App/usbd_desc.o
 .debug_macro   0x00019e34       0x1c ./USB_DEVICE/App/usbd_desc.o
 .debug_macro   0x00019e50      0x369 ./USB_DEVICE/Target/usbd_conf.o

.debug_line     0x00000000    0x17d4c
 .debug_line    0x00000000      0xcb3 ./Core/Src/main.o
 .debug_line    0x00000cb3      0x894 ./Core/Src/stm32f1xx_hal_msp.o
 .debug_line    0x00001547      0x90d ./Core/Src/stm32f1xx_it.o
 .debug_line    0x00001e54      0x881 ./Core/Src/system_stm32f1xx.o
 .debug_line    0x000026d5       0x78 ./Core/Startup/startup_stm32f103c8tx.o
 .debug_line    0x0000274d      0xaae ./Drivers/STM32F1xx_HAL_Driver/Src/stm32f1xx_hal.o
 .debug_line    0x000031fb      0xc9a ./Drivers/STM32F1xx_HAL_Driver/Src/stm32f1xx_hal_cortex.o
 .debug_line    0x00003e95      0xf07 ./Drivers/STM32F1xx_HAL_Driver/Src/stm32f1xx_hal_dma.o
 .debug_line    0x00004d9c      0xb47 ./Drivers/STM32F1xx_HAL_Driver/Src/stm32f1xx_hal_gpio.o
 .debug_line    0x000058e3     0x1509 ./Drivers/STM32F1xx_HAL_Driver/Src/stm32f1xx_hal_pcd.o
 .debug_line    0x00006dec      0x87c ./Drivers/STM32F1xx_HAL_Driver/Src/stm32f1xx_hal_pcd_ex.o
 .debug_line    0x00007668      0xeb7 ./Drivers/STM32F1xx_HAL_Driver/Src/stm32f1xx_hal_rcc.o
 .debug_line    0x0000851f      0x9f8 ./Drivers/STM32F1xx_HAL_Driver/Src/stm32f1xx_hal_rcc_ex.o
 .debug_line    0x00008f17     0x35b8 ./Drivers/STM32F1xx_HAL_Driver/Src/stm32f1xx_hal_tim.o
 .debug_line    0x0000c4cf     0x1a0d ./Drivers/STM32F1xx_HAL_Driver/Src/stm32f1xx_hal_tim_ex.o
 .debug_line    0x0000dedc     0x29f7 ./Drivers/STM32F1xx_HAL_Driver/Src/stm32f1xx_hal_uart.o
 .debug_line    0x000108d3     0x117f ./Drivers/STM32F1xx_HAL_Driver/Src/stm32f1xx_ll_usb.o
 .debug_line    0x00011a52      0xdba ./Middlewares/ST/STM32_USB_Device_Library/Class/HID/Src/usbd_hid.o
 .debug_line    0x0001280c      0xf7d ./Middlewares/ST/STM32_USB_Device_Library/Core/Src/usbd_core.o
 .debug_line    0x00013789     0x11bd ./Middlewares/ST/STM32_USB_Device_Library/Core/Src/usbd_ctlreq.o
 .debug_line    0x00014946      0xc13 ./Middlewares/ST/STM32_USB_Device_Library/Core/Src/usbd_ioreq.o
 .debug_line    0x00015559      0xbb8 ./USB_DEVICE/App/usb_device.o
 .debug_line    0x00016111      0xc8c ./USB_DEVICE/App/usbd_desc.o
 .debug_line    0x00016d9d      0xfaf ./USB_DEVICE/Target/usbd_conf.o

.debug_str      0x00000000    0x8ee5d
 .debug_str     0x00000000    0x8ac09 ./Core/Src/main.o
                              0x8b0d4 (size before relaxing)
 .debug_str     0x0008ac09      0x374 ./Core/Src/stm32f1xx_hal_msp.o
                              0x86ac3 (size before relaxing)
 .debug_str     0x0008af7d      0x406 ./Core/Src/stm32f1xx_it.o
                              0x86aa0 (size before relaxing)
 .debug_str     0x0008b383       0x7e ./Core/Src/system_stm32f1xx.o
                              0x86012 (size before relaxing)
 .debug_str     0x0008b401       0x44 ./Core/Startup/startup_stm32f103c8tx.o
                                 0x70 (size before relaxing)
 .debug_str     0x0008b445      0x384 ./Drivers/STM32F1xx_HAL_Driver/Src/stm32f1xx_hal.o
                              0x86745 (size before relaxing)
 .debug_str     0x0008b7c9      0x26c ./Drivers/STM32F1xx_HAL_Driver/Src/stm32f1xx_hal_cortex.o
                              0x86691 (size before relaxing)
 .debug_str     0x0008ba35      0x235 ./Drivers/STM32F1xx_HAL_Driver/Src/stm32f1xx_hal_dma.o
                              0x863bb (size before relaxing)
 .debug_str     0x0008bc6a      0x2e2 ./Drivers/STM32F1xx_HAL_Driver/Src/stm32f1xx_hal_gpio.o
                              0x86398 (size before relaxing)
 .debug_str     0x0008bf4c      0x5bd ./Drivers/STM32F1xx_HAL_Driver/Src/stm32f1xx_hal_pcd.o
                              0x86924 (size before relaxing)
 .debug_str     0x0008c509      0x170 ./Drivers/STM32F1xx_HAL_Driver/Src/stm32f1xx_hal_pcd_ex.o
                              0x86486 (size before relaxing)
 .debug_str     0x0008c679      0x229 ./Drivers/STM32F1xx_HAL_Driver/Src/stm32f1xx_hal_rcc.o
                              0x86441 (size before relaxing)
 .debug_str     0x0008c8a2       0x9f ./Drivers/STM32F1xx_HAL_Driver/Src/stm32f1xx_hal_rcc_ex.o
                              0x86191 (size before relaxing)
 .debug_str     0x0008c941      0xd95 ./Drivers/STM32F1xx_HAL_Driver/Src/stm32f1xx_hal_tim.o
                              0x87433 (size before relaxing)
 .debug_str     0x0008d6d6      0x493 ./Drivers/STM32F1xx_HAL_Driver/Src/stm32f1xx_hal_tim_ex.o
                              0x86c4f (size before relaxing)
 .debug_str     0x0008db69      0x5fe ./Drivers/STM32F1xx_HAL_Driver/Src/stm32f1xx_hal_uart.o
                              0x86ab2 (size before relaxing)
 .debug_str     0x0008e167      0x129 ./Drivers/STM32F1xx_HAL_Driver/Src/stm32f1xx_ll_usb.o
                              0x864d8 (size before relaxing)
 .debug_str     0x0008e290      0x42c ./Middlewares/ST/STM32_USB_Device_Library/Class/HID/Src/usbd_hid.o
                              0x8a994 (size before relaxing)
 .debug_str     0x0008e6bc      0x298 ./Middlewares/ST/STM32_USB_Device_Library/Core/Src/usbd_core.o
                              0x8a82f (size before relaxing)
 .debug_str     0x0008e954      0x11b ./Middlewares/ST/STM32_USB_Device_Library/Core/Src/usbd_ctlreq.o
                              0x8a749 (size before relaxing)
 .debug_str     0x0008ea6f       0x79 ./Middlewares/ST/STM32_USB_Device_Library/Core/Src/usbd_ioreq.o
                              0x8a676 (size before relaxing)
 .debug_str     0x0008eae8       0xa2 ./USB_DEVICE/App/usb_device.o
                              0x8a7eb (size before relaxing)
 .debug_str     0x0008eb8a      0x25b ./USB_DEVICE/App/usbd_desc.o
                              0x8a5b5 (size before relaxing)
 .debug_str     0x0008ede5       0x78 ./USB_DEVICE/Target/usbd_conf.o
                              0x8b31e (size before relaxing)

.comment        0x00000000       0x43
 .comment       0x00000000       0x43 ./Core/Src/main.o
                                 0x44 (size before relaxing)
 .comment       0x00000043       0x44 ./Core/Src/stm32f1xx_hal_msp.o
 .comment       0x00000043       0x44 ./Core/Src/stm32f1xx_it.o
 .comment       0x00000043       0x44 ./Core/Src/system_stm32f1xx.o
 .comment       0x00000043       0x44 ./Drivers/STM32F1xx_HAL_Driver/Src/stm32f1xx_hal.o
 .comment       0x00000043       0x44 ./Drivers/STM32F1xx_HAL_Driver/Src/stm32f1xx_hal_cortex.o
 .comment       0x00000043       0x44 ./Drivers/STM32F1xx_HAL_Driver/Src/stm32f1xx_hal_dma.o
 .comment       0x00000043       0x44 ./Drivers/STM32F1xx_HAL_Driver/Src/stm32f1xx_hal_gpio.o
 .comment       0x00000043       0x44 ./Drivers/STM32F1xx_HAL_Driver/Src/stm32f1xx_hal_pcd.o
 .comment       0x00000043       0x44 ./Drivers/STM32F1xx_HAL_Driver/Src/stm32f1xx_hal_pcd_ex.o
 .comment       0x00000043       0x44 ./Drivers/STM32F1xx_HAL_Driver/Src/stm32f1xx_hal_rcc.o
 .comment       0x00000043       0x44 ./Drivers/STM32F1xx_HAL_Driver/Src/stm32f1xx_hal_rcc_ex.o
 .comment       0x00000043       0x44 ./Drivers/STM32F1xx_HAL_Driver/Src/stm32f1xx_hal_tim.o
 .comment       0x00000043       0x44 ./Drivers/STM32F1xx_HAL_Driver/Src/stm32f1xx_hal_tim_ex.o
 .comment       0x00000043       0x44 ./Drivers/STM32F1xx_HAL_Driver/Src/stm32f1xx_hal_uart.o
 .comment       0x00000043       0x44 ./Drivers/STM32F1xx_HAL_Driver/Src/stm32f1xx_ll_usb.o
 .comment       0x00000043       0x44 ./Middlewares/ST/STM32_USB_Device_Library/Class/HID/Src/usbd_hid.o
 .comment       0x00000043       0x44 ./Middlewares/ST/STM32_USB_Device_Library/Core/Src/usbd_core.o
 .comment       0x00000043       0x44 ./Middlewares/ST/STM32_USB_Device_Library/Core/Src/usbd_ctlreq.o
 .comment       0x00000043       0x44 ./Middlewares/ST/STM32_USB_Device_Library/Core/Src/usbd_ioreq.o
 .comment       0x00000043       0x44 ./USB_DEVICE/App/usb_device.o
 .comment       0x00000043       0x44 ./USB_DEVICE/App/usbd_desc.o
 .comment       0x00000043       0x44 ./USB_DEVICE/Target/usbd_conf.o

.debug_frame    0x00000000     0x4b04
 .debug_frame   0x00000000      0x118 ./Core/Src/main.o
 .debug_frame   0x00000118       0xc8 ./Core/Src/stm32f1xx_hal_msp.o
 .debug_frame   0x000001e0      0x158 ./Core/Src/stm32f1xx_it.o
 .debug_frame   0x00000338       0x58 ./Core/Src/system_stm32f1xx.o
 .debug_frame   0x00000390      0x334 ./Drivers/STM32F1xx_HAL_Driver/Src/stm32f1xx_hal.o
 .debug_frame   0x000006c4      0x428 ./Drivers/STM32F1xx_HAL_Driver/Src/stm32f1xx_hal_cortex.o
 .debug_frame   0x00000aec      0x208 ./Drivers/STM32F1xx_HAL_Driver/Src/stm32f1xx_hal_dma.o
 .debug_frame   0x00000cf4      0x14c ./Drivers/STM32F1xx_HAL_Driver/Src/stm32f1xx_hal_gpio.o
 .debug_frame   0x00000e40      0x59c ./Drivers/STM32F1xx_HAL_Driver/Src/stm32f1xx_hal_pcd.o
 .debug_frame   0x000013dc       0xb0 ./Drivers/STM32F1xx_HAL_Driver/Src/stm32f1xx_hal_pcd_ex.o
 .debug_frame   0x0000148c      0x218 ./Drivers/STM32F1xx_HAL_Driver/Src/stm32f1xx_hal_rcc.o
 .debug_frame   0x000016a4       0x80 ./Drivers/STM32F1xx_HAL_Driver/Src/stm32f1xx_hal_rcc_ex.o
 .debug_frame   0x00001724     0x11bc ./Drivers/STM32F1xx_HAL_Driver/Src/stm32f1xx_hal_tim.o
 .debug_frame   0x000028e0      0x638 ./Drivers/STM32F1xx_HAL_Driver/Src/stm32f1xx_hal_tim_ex.o
 .debug_frame   0x00002f18      0x944 ./Drivers/STM32F1xx_HAL_Driver/Src/stm32f1xx_hal_uart.o
 .debug_frame   0x0000385c      0x478 ./Drivers/STM32F1xx_HAL_Driver/Src/stm32f1xx_ll_usb.o
 .debug_frame   0x00003cd4      0x190 ./Middlewares/ST/STM32_USB_Device_Library/Class/HID/Src/usbd_hid.o
 .debug_frame   0x00003e64      0x300 ./Middlewares/ST/STM32_USB_Device_Library/Core/Src/usbd_core.o
 .debug_frame   0x00004164      0x218 ./Middlewares/ST/STM32_USB_Device_Library/Core/Src/usbd_ctlreq.o
 .debug_frame   0x0000437c      0x10c ./Middlewares/ST/STM32_USB_Device_Library/Core/Src/usbd_ioreq.o
 .debug_frame   0x00004488       0x2c ./USB_DEVICE/App/usb_device.o
 .debug_frame   0x000044b4      0x160 ./USB_DEVICE/App/usbd_desc.o
 .debug_frame   0x00004614      0x4a4 ./USB_DEVICE/Target/usbd_conf.o
 .debug_frame   0x00004ab8       0x20 F:/Program/Unpack/STM32CubeIDE_1.15.0/STM32CubeIDE/plugins/com.st.stm32cube.ide.mcu.externaltools.gnu-tools-for-stm32.12.3.rel1.win32_1.0.100.202403111256/tools/bin/../lib/gcc/arm-none-eabi/12.3.1/../../../../arm-none-eabi/lib/thumb/v7-m/nofp\libc_nano.a(libc_a-memset.o)
 .debug_frame   0x00004ad8       0x2c F:/Program/Unpack/STM32CubeIDE_1.15.0/STM32CubeIDE/plugins/com.st.stm32cube.ide.mcu.externaltools.gnu-tools-for-stm32.12.3.rel1.win32_1.0.100.202403111256/tools/bin/../lib/gcc/arm-none-eabi/12.3.1/../../../../arm-none-eabi/lib/thumb/v7-m/nofp\libc_nano.a(libc_a-init.o)

.debug_line_str
                0x00000000       0x54
 .debug_line_str
                0x00000000       0x54 ./Core/Startup/startup_stm32f103c8tx.o
