../Core/Src/main.c:67:13:GetPointerData	16	static
../Core/Src/main.c:90:5:main	8	static
../Core/Src/main.c:139:6:SystemClock_Config	88	static
../Core/Src/main.c:186:13:MX_TIM2_Init	32	static
../Core/Src/main.c:231:13:MX_USART1_UART_Init	8	static
../Core/Src/main.c:264:13:MX_GPIO_Init	40	static
../Core/Src/main.c:299:6:delay_us	16	static
../Core/Src/main.c:312:6:delay_ms	16	static
../Core/Src/main.c:316:6:led_flash	8	static
../Core/Src/main.c:322:6:HAL_TIM_PeriodElapsedCallback	24	static
../Core/Src/main.c:344:6:Error_Handler	4	static,ignoring_inline_asm
